Component: Arm Compiler for Embedded 6.19 Tool: armlink [5e73cb00]

==============================================================================

Section Cross References

    startup_stm32f103xb.o(STACK) refers (Special) to heapauxi.o(.text) for __use_two_region_memory
    startup_stm32f103xb.o(HEAP) refers (Special) to heapauxi.o(.text) for __use_two_region_memory
    startup_stm32f103xb.o(RESET) refers (Special) to heapauxi.o(.text) for __use_two_region_memory
    startup_stm32f103xb.o(RESET) refers to startup_stm32f103xb.o(STACK) for __initial_sp
    startup_stm32f103xb.o(RESET) refers to startup_stm32f103xb.o(.text) for Reset_Handler
    startup_stm32f103xb.o(RESET) refers to stm32f1xx_it.o(.text.NMI_Handler) for NMI_Handler
    startup_stm32f103xb.o(RESET) refers to stm32f1xx_it.o(.text.HardFault_Handler) for HardFault_Handler
    startup_stm32f103xb.o(RESET) refers to stm32f1xx_it.o(.text.MemManage_Handler) for MemManage_Handler
    startup_stm32f103xb.o(RESET) refers to stm32f1xx_it.o(.text.BusFault_Handler) for BusFault_Handler
    startup_stm32f103xb.o(RESET) refers to stm32f1xx_it.o(.text.UsageFault_Handler) for UsageFault_Handler
    startup_stm32f103xb.o(RESET) refers to stm32f1xx_it.o(.text.SVC_Handler) for SVC_Handler
    startup_stm32f103xb.o(RESET) refers to stm32f1xx_it.o(.text.DebugMon_Handler) for DebugMon_Handler
    startup_stm32f103xb.o(RESET) refers to stm32f1xx_it.o(.text.PendSV_Handler) for PendSV_Handler
    startup_stm32f103xb.o(RESET) refers to stm32f1xx_it.o(.text.SysTick_Handler) for SysTick_Handler
    startup_stm32f103xb.o(RESET) refers to stm32f1xx_it.o(.text.DMA1_Channel1_IRQHandler) for DMA1_Channel1_IRQHandler
    startup_stm32f103xb.o(RESET) refers to stm32f1xx_it.o(.text.TIM2_IRQHandler) for TIM2_IRQHandler
    startup_stm32f103xb.o(RESET) refers to stm32f1xx_it.o(.text.TIM4_IRQHandler) for TIM4_IRQHandler
    startup_stm32f103xb.o(.text) refers (Special) to heapauxi.o(.text) for __use_two_region_memory
    startup_stm32f103xb.o(.text) refers to system_stm32f1xx.o(.text.SystemInit) for SystemInit
    startup_stm32f103xb.o(.text) refers to __main.o(!!!main) for __main
    startup_stm32f103xb.o(.text) refers to startup_stm32f103xb.o(HEAP) for Heap_Mem
    startup_stm32f103xb.o(.text) refers to startup_stm32f103xb.o(STACK) for Stack_Mem
    hc165.o(.text.hc165_clkTrig) refers to stm32f1xx_hal_gpio.o(.text.HAL_GPIO_WritePin) for HAL_GPIO_WritePin
    hc165.o(.ARM.exidx.text.hc165_clkTrig) refers to hc165.o(.text.hc165_clkTrig) for [Anonymous Symbol]
    hc165.o(.text.hc165_clkUnTrig) refers to stm32f1xx_hal_gpio.o(.text.HAL_GPIO_WritePin) for HAL_GPIO_WritePin
    hc165.o(.ARM.exidx.text.hc165_clkUnTrig) refers to hc165.o(.text.hc165_clkUnTrig) for [Anonymous Symbol]
    hc165.o(.text.hc165_parallelTrig) refers to stm32f1xx_hal_gpio.o(.text.HAL_GPIO_WritePin) for HAL_GPIO_WritePin
    hc165.o(.ARM.exidx.text.hc165_parallelTrig) refers to hc165.o(.text.hc165_parallelTrig) for [Anonymous Symbol]
    hc165.o(.text.hc165_parallelLoadUnTrig) refers to stm32f1xx_hal_gpio.o(.text.HAL_GPIO_WritePin) for HAL_GPIO_WritePin
    hc165.o(.ARM.exidx.text.hc165_parallelLoadUnTrig) refers to hc165.o(.text.hc165_parallelLoadUnTrig) for [Anonymous Symbol]
    hc165.o(.text.hc165_dataRead) refers to stm32f1xx_hal_gpio.o(.text.HAL_GPIO_ReadPin) for HAL_GPIO_ReadPin
    hc165.o(.ARM.exidx.text.hc165_dataRead) refers to hc165.o(.text.hc165_dataRead) for [Anonymous Symbol]
    hc165.o(.text.hc165_stateMachine) refers to hc165.o(.bss.hc165State) for hc165State
    hc165.o(.text.hc165_stateMachine) refers to hc165.o(.text.hc165Init) for hc165Init
    hc165.o(.text.hc165_stateMachine) refers to hc165.o(.text.startCapture) for startCapture
    hc165.o(.text.hc165_stateMachine) refers to hc165.o(.text.endCapture) for endCapture
    hc165.o(.text.hc165_stateMachine) refers to hc165.o(.text.getSample) for getSample
    hc165.o(.text.hc165_stateMachine) refers to hc165.o(.text.trigClock) for trigClock
    hc165.o(.ARM.exidx.text.hc165_stateMachine) refers to hc165.o(.text.hc165_stateMachine) for [Anonymous Symbol]
    hc165.o(.text.hc165Init) refers to stm32f1xx_hal_gpio.o(.text.HAL_GPIO_WritePin) for HAL_GPIO_WritePin
    hc165.o(.text.hc165Init) refers to hc165.o(.bss.hc165State) for hc165State
    hc165.o(.ARM.exidx.text.hc165Init) refers to hc165.o(.text.hc165Init) for [Anonymous Symbol]
    hc165.o(.text.startCapture) refers to stm32f1xx_hal_gpio.o(.text.HAL_GPIO_WritePin) for HAL_GPIO_WritePin
    hc165.o(.text.startCapture) refers to hc165.o(.bss.hc165State) for hc165State
    hc165.o(.ARM.exidx.text.startCapture) refers to hc165.o(.text.startCapture) for [Anonymous Symbol]
    hc165.o(.text.endCapture) refers to stm32f1xx_hal_gpio.o(.text.HAL_GPIO_WritePin) for HAL_GPIO_WritePin
    hc165.o(.text.endCapture) refers to hc165.o(.bss.hc165_bitCount) for hc165_bitCount
    hc165.o(.text.endCapture) refers to hc165.o(.bss.hc165State) for hc165State
[...]
    stm32f1xx_hal_rcc.c                      0x00000000   Number         0  stm32f1xx_hal_rcc.o ABSOLUTE
    stm32f1xx_hal_rcc_ex.c                   0x00000000   Number         0  stm32f1xx_hal_rcc_ex.o ABSOLUTE
    stm32f1xx_hal_tim.c                      0x00000000   Number         0  stm32f1xx_hal_tim.o ABSOLUTE
    stm32f1xx_hal_tim_ex.c                   0x00000000   Number         0  stm32f1xx_hal_tim_ex.o ABSOLUTE
    stm32f1xx_it.c                           0x00000000   Number         0  stm32f1xx_it.o ABSOLUTE
    system_stm32f1xx.c                       0x00000000   Number         0  system_stm32f1xx.o ABSOLUTE
    tim.c                                    0x00000000   Number         0  tim.o ABSOLUTE
    trapezoidal.c                            0x00000000   Number         0  trapezoidal.o ABSOLUTE
    RESET                                    0x08000000   Section      236  startup_stm32f103xb.o(RESET)
    !!!main                                  0x080000ec   Section        8  __main.o(!!!main)
    !!!scatter                               0x080000f4   Section       52  __scatter.o(!!!scatter)
    !!handler_copy                           0x08000128   Section       26  __scatter_copy.o(!!handler_copy)
    !!handler_zi                             0x08000144   Section       28  __scatter_zi.o(!!handler_zi)
    .ARM.Collect$$libinit$$00000000          0x08000160   Section        2  libinit.o(.ARM.Collect$$libinit$$00000000)
    .ARM.Collect$$libinit$$00000002          0x08000162   Section        0  libinit2.o(.ARM.Collect$$libinit$$00000002)
    .ARM.Collect$$libinit$$00000004          0x08000162   Section        0  libinit2.o(.ARM.Collect$$libinit$$00000004)
    .ARM.Collect$$libinit$$00000006          0x08000162   Section        0  libinit2.o(.ARM.Collect$$libinit$$00000006)
    .ARM.Collect$$libinit$$0000000C          0x08000162   Section        0  libinit2.o(.ARM.Collect$$libinit$$0000000C)
    .ARM.Collect$$libinit$$0000000E          0x08000162   Section        0  libinit2.o(.ARM.Collect$$libinit$$0000000E)
    .ARM.Collect$$libinit$$00000010          0x08000162   Section        0  libinit2.o(.ARM.Collect$$libinit$$00000010)
    .ARM.Collect$$libinit$$00000013          0x08000162   Section        0  libinit2.o(.ARM.Collect$$libinit$$00000013)
    .ARM.Collect$$libinit$$00000015          0x08000162   Section        0  libinit2.o(.ARM.Collect$$libinit$$00000015)
    .ARM.Collect$$libinit$$00000017          0x08000162   Section        0  libinit2.o(.ARM.Collect$$libinit$$00000017)
    .ARM.Collect$$libinit$$00000019          0x08000162   Section        0  libinit2.o(.ARM.Collect$$libinit$$00000019)
    .ARM.Collect$$libinit$$0000001B          0x08000162   Section        0  libinit2.o(.ARM.Collect$$libinit$$0000001B)
    .ARM.Collect$$libinit$$0000001D          0x08000162   Section        0  libinit2.o(.ARM.Collect$$libinit$$0000001D)
    .ARM.Collect$$libinit$$0000001F          0x08000162   Section        0  libinit2.o(.ARM.Collect$$libinit$$0000001F)
    .ARM.Collect$$libinit$$00000021          0x08000162   Section        0  libinit2.o(.ARM.Collect$$libinit$$00000021)
    .ARM.Collect$$libinit$$00000023          0x08000162   Section        0  libinit2.o(.ARM.Collect$$libinit$$00000023)
    .ARM.Collect$$libinit$$00000025          0x08000162   Section        0  libinit2.o(.ARM.Collect$$libinit$$00000025)
    .ARM.Collect$$libinit$$00000027          0x08000162   Section        0  libinit2.o(.ARM.Collect$$libinit$$00000027)
    .ARM.Collect$$libinit$$0000002E          0x08000162   Section        0  libinit2.o(.ARM.Collect$$libinit$$0000002E)
    .ARM.Collect$$libinit$$00000030          0x08000162   Section        0  libinit2.o(.ARM.Collect$$libinit$$00000030)
    .ARM.Collect$$libinit$$00000032          0x08000162   Section        0  libinit2.o(.ARM.Collect$$libinit$$00000032)
    .ARM.Collect$$libinit$$00000034          0x08000162   Section        0  libinit2.o(.ARM.Collect$$libinit$$00000034)
    .ARM.Collect$$libinit$$00000035          0x08000162   Section        2  libinit2.o(.ARM.Collect$$libinit$$00000035)
    .ARM.Collect$$libshutdown$$00000000      0x08000164   Section        2  libshutdown.o(.ARM.Collect$$libshutdown$$00000000)
    .ARM.Collect$$libshutdown$$00000002      0x08000166   Section        0  libshutdown2.o(.ARM.Collect$$libshutdown$$00000002)
    .ARM.Collect$$libshutdown$$00000004      0x08000166   Section        0  libshutdown2.o(.ARM.Collect$$libshutdown$$00000004)
    .ARM.Collect$$libshutdown$$00000007      0x08000166   Section        0  libshutdown2.o(.ARM.Collect$$libshutdown$$00000007)
    .ARM.Collect$$libshutdown$$0000000A      0x08000166   Section        0  libshutdown2.o(.ARM.Collect$$libshutdown$$0000000A)
    .ARM.Collect$$libshutdown$$0000000C      0x08000166   Section        0  libshutdown2.o(.ARM.Collect$$libshutdown$$0000000C)
    .ARM.Collect$$libshutdown$$0000000F      0x08000166   Section        0  libshutdown2.o(.ARM.Collect$$libshutdown$$0000000F)
    .ARM.Collect$$libshutdown$$00000010      0x08000166   Section        2  libshutdown2.o(.ARM.Collect$$libshutdown$$00000010)
    .ARM.Collect$$rtentry$$00000000          0x08000168   Section        0  __rtentry.o(.ARM.Collect$$rtentry$$00000000)
    .ARM.Collect$$rtentry$$00000002          0x08000168   Section        0  __rtentry2.o(.ARM.Collect$$rtentry$$00000002)
    .ARM.Collect$$rtentry$$00000004          0x08000168   Section        6  __rtentry4.o(.ARM.Collect$$rtentry$$00000004)
    .ARM.Collect$$rtentry$$00000009          0x0800016e   Section        0  __rtentry2.o(.ARM.Collect$$rtentry$$00000009)
    .ARM.Collect$$rtentry$$0000000A          0x0800016e   Section        4  __rtentry2.o(.ARM.Collect$$rtentry$$0000000A)
    .ARM.Collect$$rtentry$$0000000C          0x08000172   Section        0  __rtentry2.o(.ARM.Collect$$rtentry$$0000000C)
    .ARM.Collect$$rtentry$$0000000D          0x08000172   Section        8  __rtentry2.o(.ARM.Collect$$rtentry$$0000000D)
    .ARM.Collect$$rtexit$$00000000           0x0800017a   Section        2  rtexit.o(.ARM.Collect$$rtexit$$00000000)
    .ARM.Collect$$rtexit$$00000002           0x0800017c   Section        0  rtexit2.o(.ARM.Collect$$rtexit$$00000002)
    .ARM.Collect$$rtexit$$00000003           0x0800017c   Section        4  rtexit2.o(.ARM.Collect$$rtexit$$00000003)
    .ARM.Collect$$rtexit$$00000004           0x08000180   Section        6  rtexit2.o(.ARM.Collect$$rtexit$$00000004)
    .text                                    0x08000188   Section       64  startup_stm32f103xb.o(.text)
    .text                                    0x080001c8   Section       78  rt_memclr_w.o(.text)
    .text                                    0x08000216   Section        0  heapauxi.o(.text)
    .text                                    0x0800021c   Section        0  _rserrno.o(.text)
    .text                                    0x08000234   Section        8  rt_errno_addr_intlibspace.o(.text)
    .text                                    0x0800023c   Section        8  libspace.o(.text)
    .text                                    0x08000244   Section       74  sys_stackheap_outer.o(.text)
    .text                                    0x0800028e   Section        0  exit.o(.text)
    .text                                    0x080002a0   Section        0  sys_exit.o(.text)
    .text                                    0x080002ac   Section        2  use_no_semi.o(.text)
    .text                                    0x080002ae   Section        0  indicate_semi.o(.text)
    [Anonymous Symbol]                       0x080002b0   Section        0  stm32f1xx_hal_adc.o(.text.ADC_DMAConvCplt)
    [Anonymous Symbol]                       0x08000300   Section        0  stm32f1xx_hal_adc.o(.text.ADC_DMAError)
    [Anonymous Symbol]                       0x08000318   Section        0  stm32f1xx_hal_adc.o(.text.ADC_DMAHalfConvCplt)
    [Anonymous Symbol]                       0x08000320   Section        0  stm32f1xx_hal_adc.o(.text.ADC_Enable)
    [Anonymous Symbol]                       0x080003b4   Section        0  stm32f1xx_it.o(.text.BusFault_Handler)
    [Anonymous Symbol]                       0x080003b8   Section        0  stm32f1xx_it.o(.text.DMA1_Channel1_IRQHandler)
    [Anonymous Symbol]                       0x080003c4   Section        0  stm32f1xx_it.o(.text.DebugMon_Handler)
    [Anonymous Symbol]                       0x080003c8   Section        0  main.o(.text.Error_Handler)
    [Anonymous Symbol]                       0x080003d4   Section        0  stm32f1xx_hal_adc.o(.text.HAL_ADC_ConfigChannel)
    [Anonymous Symbol]                       0x080004e4   Section        0  main.o(.text.HAL_ADC_ConvCpltCallback)
    [Anonymous Symbol]                       0x08000544   Section        0  stm32f1xx_hal_adc.o(.text.HAL_ADC_ConvHalfCpltCallback)
    [Anonymous Symbol]                       0x08000548   Section        0  stm32f1xx_hal_adc.o(.text.HAL_ADC_ErrorCallback)
    [Anonymous Symbol]                       0x0800054c   Section        0  stm32f1xx_hal_adc.o(.text.HAL_ADC_Init)
    [Anonymous Symbol]                       0x080006a8   Section        0  adc.o(.text.HAL_ADC_MspInit)
    [Anonymous Symbol]                       0x0800074c   Section        0  stm32f1xx_hal_adc.o(.text.HAL_ADC_Start_DMA)
    [Anonymous Symbol]                       0x08000884   Section        0  stm32f1xx_hal_dma.o(.text.HAL_DMA_IRQHandler)
    [Anonymous Symbol]                       0x080009f4   Section        0  stm32f1xx_hal_dma.o(.text.HAL_DMA_Init)
    [Anonymous Symbol]                       0x08000a7c   Section        0  stm32f1xx_hal_dma.o(.text.HAL_DMA_Start_IT)
    [Anonymous Symbol]                       0x08000b14   Section        0  stm32f1xx_hal.o(.text.HAL_Delay)
    [Anonymous Symbol]                       0x08000b3c   Section        0  stm32f1xx_hal_gpio.o(.text.HAL_GPIO_Init)
    [Anonymous Symbol]                       0x08000d3c   Section        0  stm32f1xx_hal_gpio.o(.text.HAL_GPIO_ReadPin)
    [Anonymous Symbol]                       0x08000d48   Section        0  stm32f1xx_hal_gpio.o(.text.HAL_GPIO_TogglePin)
    [Anonymous Symbol]                       0x08000d58   Section        0  stm32f1xx_hal_gpio.o(.text.HAL_GPIO_WritePin)
    [Anonymous Symbol]                       0x08000d64   Section        0  stm32f1xx_hal.o(.text.HAL_GetTick)
    [Anonymous Symbol]                       0x08000d70   Section        0  stm32f1xx_hal.o(.text.HAL_IncTick)
    [Anonymous Symbol]                       0x08000d8c   Section        0  stm32f1xx_hal.o(.text.HAL_Init)
    [Anonymous Symbol]                       0x08000db4   Section        0  stm32f1xx_hal.o(.text.HAL_InitTick)
    [Anonymous Symbol]                       0x08000e04   Section        0  stm32f1xx_hal_msp.o(.text.HAL_MspInit)
    [Anonymous Symbol]                       0x08000e48   Section        0  stm32f1xx_hal_cortex.o(.text.HAL_NVIC_EnableIRQ)
    [Anonymous Symbol]                       0x08000e68   Section        0  stm32f1xx_hal_cortex.o(.text.HAL_NVIC_SetPriority)
    [Anonymous Symbol]                       0x08000ec0   Section        0  stm32f1xx_hal_cortex.o(.text.HAL_NVIC_SetPriorityGrouping)
    [Anonymous Symbol]                       0x08000ee0   Section        0  stm32f1xx_hal_rcc_ex.o(.text.HAL_RCCEx_PeriphCLKConfig)
    [Anonymous Symbol]                       0x08000fe8   Section        0  stm32f1xx_hal_rcc.o(.text.HAL_RCC_ClockConfig)
    [Anonymous Symbol]                       0x080011a4   Section        0  stm32f1xx_hal_rcc.o(.text.HAL_RCC_OscConfig)
    [Anonymous Symbol]                       0x080014d4   Section        0  stm32f1xx_hal_cortex.o(.text.HAL_SYSTICK_Config)
    [Anonymous Symbol]                       0x08001500   Section        0  stm32f1xx_hal_tim_ex.o(.text.HAL_TIMEx_BreakCallback)
    [Anonymous Symbol]                       0x08001504   Section        0  stm32f1xx_hal_tim_ex.o(.text.HAL_TIMEx_CommutCallback)
    [Anonymous Symbol]                       0x08001508   Section        0  stm32f1xx_hal_tim_ex.o(.text.HAL_TIMEx_ConfigBreakDeadTime)
    [Anonymous Symbol]                       0x08001554   Section        0  stm32f1xx_hal_tim_ex.o(.text.HAL_TIMEx_MasterConfigSynchronization)
    [Anonymous Symbol]                       0x080015cc   Section        0  stm32f1xx_hal_tim.o(.text.HAL_TIM_Base_Init)
    [Anonymous Symbol]                       0x080016b4   Section        0  tim.o(.text.HAL_TIM_Base_MspInit)
    [Anonymous Symbol]                       0x0800178c   Section        0  stm32f1xx_hal_tim.o(.text.HAL_TIM_Base_Start_IT)
    [Anonymous Symbol]                       0x080017f4   Section        0  stm32f1xx_hal_tim.o(.text.HAL_TIM_ConfigClockSource)
    [Anonymous Symbol]                       0x08001990   Section        0  stm32f1xx_hal_tim.o(.text.HAL_TIM_IC_CaptureCallback)
    [Anonymous Symbol]                       0x08001994   Section        0  stm32f1xx_hal_tim.o(.text.HAL_TIM_IRQHandler)
    [Anonymous Symbol]                       0x08001ae0   Section        0  stm32f1xx_hal_tim.o(.text.HAL_TIM_OC_DelayElapsedCallback)
    [Anonymous Symbol]                       0x08001ae4   Section        0  stm32f1xx_hal_tim.o(.text.HAL_TIM_PWM_ConfigChannel)
    [Anonymous Symbol]                       0x08001ce4   Section        0  stm32f1xx_hal_tim.o(.text.HAL_TIM_PWM_Init)
    [Anonymous Symbol]                       0x08001dcc   Section        0  stm32f1xx_hal_tim.o(.text.HAL_TIM_PWM_MspInit)
    [Anonymous Symbol]                       0x08001dd0   Section        0  stm32f1xx_hal_tim.o(.text.HAL_TIM_PWM_PulseFinishedCallback)
    [Anonymous Symbol]                       0x08001dd4   Section        0  stm32f1xx_hal_tim.o(.text.HAL_TIM_PWM_Start)
    [Anonymous Symbol]                       0x08001e98   Section        0  stm32f1xx_hal_tim.o(.text.HAL_TIM_PWM_Stop)
    [Anonymous Symbol]                       0x08001f3c   Section        0  main.o(.text.HAL_TIM_PeriodElapsedCallback)
    [Anonymous Symbol]                       0x08001fa0   Section        0  stm32f1xx_hal_tim.o(.text.HAL_TIM_TriggerCallback)
    [Anonymous Symbol]                       0x08001fa4   Section        0  stm32f1xx_it.o(.text.HardFault_Handler)
    [Anonymous Symbol]                       0x08001fa8   Section        0  adc.o(.text.MX_ADC1_Init)
    [Anonymous Symbol]                       0x08002080   Section        0  dma.o(.text.MX_DMA_Init)
    [Anonymous Symbol]                       0x080020b4   Section        0  gpio.o(.text.MX_GPIO_Init)
    [Anonymous Symbol]                       0x080021e8   Section        0  tim.o(.text.MX_TIM1_Init)
    [Anonymous Symbol]                       0x08002378   Section        0  tim.o(.text.MX_TIM2_Init)
    [Anonymous Symbol]                       0x080023f4   Section        0  tim.o(.text.MX_TIM3_Init)
    [Anonymous Symbol]                       0x08002540   Section        0  tim.o(.text.MX_TIM4_Init)
    [Anonymous Symbol]                       0x080025c0   Section        0  stm32f1xx_it.o(.text.MemManage_Handler)
    [Anonymous Symbol]                       0x080025c4   Section        0  stm32f1xx_it.o(.text.NMI_Handler)
    [Anonymous Symbol]                       0x080025c8   Section        0  stm32f1xx_it.o(.text.PendSV_Handler)
    [Anonymous Symbol]                       0x080025cc   Section        0  stm32f1xx_it.o(.text.SVC_Handler)
    [Anonymous Symbol]                       0x080025d0   Section        0  stm32f1xx_it.o(.text.SysTick_Handler)
    [Anonymous Symbol]                       0x080025d4   Section        0  main.o(.text.SystemClock_Config)
    [Anonymous Symbol]                       0x08002668   Section        0  system_stm32f1xx.o(.text.SystemInit)
    [Anonymous Symbol]                       0x0800266c   Section        0  stm32f1xx_it.o(.text.TIM2_IRQHandler)
    [Anonymous Symbol]                       0x08002678   Section        0  stm32f1xx_it.o(.text.TIM4_IRQHandler)
    [Anonymous Symbol]                       0x08002684   Section        0  stm32f1xx_it.o(.text.UsageFault_Handler)
    endCapture                               0x08002689   Thumb Code    44  hc165.o(.text.endCapture)
    [Anonymous Symbol]                       0x08002688   Section        0  hc165.o(.text.endCapture)
    getSample                                0x080026b5   Thumb Code    84  hc165.o(.text.getSample)
    [Anonymous Symbol]                       0x080026b4   Section        0  hc165.o(.text.getSample)
    hc165Init                                0x08002709   Thumb Code    46  hc165.o(.text.hc165Init)
    [Anonymous Symbol]                       0x08002708   Section        0  hc165.o(.text.hc165Init)
    [Anonymous Symbol]                       0x08002738   Section        0  hc165.o(.text.hc165_stateMachine)
    hc165MS                                  0x0800274c   Number         0  hc165.o(.text.hc165_stateMachine)
    [Anonymous Symbol]                       0x08002760   Section        0  main.o(.text.key_callBack_op)
    [Anonymous Symbol]                       0x08002780   Section        0  main.o(.text.key_callBack_set)
    [Anonymous Symbol]                       0x08002798   Section        0  main.o(.text.main)
    [Anonymous Symbol]                       0x08002b04   Section        0  motor.o(.text.motor_handler)
    [Anonymous Symbol]                       0x08002b88   Section        0  motor.o(.text.motor_init_pins)
    [Anonymous Symbol]                       0x08002ba8   Section        0  motor.o(.text.motor_init_timer)
    [Anonymous Symbol]                       0x08002bb0   Section        0  motor.o(.text.motor_update)
    [Anonymous Symbol]                       0x08002c40   Section        0  ntc.o(.text.ntc_init)
    [Anonymous Symbol]                       0x08002cb0   Section        0  ntc.o(.text.ntc_update_adc)
    [Anonymous Symbol]                       0x08002ef8   Section        0  main.o(.text.sensor_fcallBack_close1)
    [Anonymous Symbol]                       0x08002efc   Section        0  main.o(.text.sensor_fcallBack_close2)
    [Anonymous Symbol]                       0x08002f00   Section        0  main.o(.text.sensor_fcallBack_laser)
    [Anonymous Symbol]                       0x08002f04   Section        0  main.o(.text.sensor_fcallBack_open1)
    [Anonymous Symbol]                       0x08002f08   Section        0  main.o(.text.sensor_fcallBack_open2)
    [Anonymous Symbol]                       0x08002f0c   Section        0  main.o(.text.sensor_hcallBack_close1)
    [Anonymous Symbol]                       0x08002f48   Section        0  main.o(.text.sensor_hcallBack_close2)
    [Anonymous Symbol]                       0x08002f4c   Section        0  main.o(.text.sensor_hcallBack_laser)
    [Anonymous Symbol]                       0x08002f50   Section        0  main.o(.text.sensor_hcallBack_open1)
    [Anonymous Symbol]                       0x08002f54   Section        0  main.o(.text.sensor_hcallBack_open2)
    startCapture                             0x08002f91   Thumb Code    32  hc165.o(.text.startCapture)
    [Anonymous Symbol]                       0x08002f90   Section        0  hc165.o(.text.startCapture)
    [Anonymous Symbol]                       0x08002fb0   Section        0  motor.o(.text.start_motor_lowSpeed)
    trapezoidal_func_hold                    0x0800300d   Thumb Code   152  trapezoidal.o(.text.trapezoidal_func_hold)
    [Anonymous Symbol]                       0x0800300c   Section        0  trapezoidal.o(.text.trapezoidal_func_hold)
    trapezoidal_func_idle                    0x080030a5   Thumb Code    44  trapezoidal.o(.text.trapezoidal_func_idle)
    [Anonymous Symbol]                       0x080030a4   Section        0  trapezoidal.o(.text.trapezoidal_func_idle)
    [Anonymous Symbol]                       0x080030d0   Section        0  trapezoidal.o(.text.trapezoidal_func_init)
    trapezoidal_func_rampDown                0x080030f1   Thumb Code   188  trapezoidal.o(.text.trapezoidal_func_rampDown)
    [Anonymous Symbol]                       0x080030f0   Section        0  trapezoidal.o(.text.trapezoidal_func_rampDown)
    trapezoidal_func_rampUp                  0x080031ad   Thumb Code   236  trapezoidal.o(.text.trapezoidal_func_rampUp)
    [Anonymous Symbol]                       0x080031ac   Section        0  trapezoidal.o(.text.trapezoidal_func_rampUp)
    [Anonymous Symbol]                       0x08003298   Section        0  trapezoidal.o(.text.trapezoidal_stateMachine)
    trap_func_arr                            0x080032a4   Number         0  trapezoidal.o(.text.trapezoidal_stateMachine)
    trigClock                                0x080032b5   Thumb Code    56  hc165.o(.text.trigClock)
    [Anonymous Symbol]                       0x080032b4   Section        0  hc165.o(.text.trigClock)
    i.__mathlib_flt_divzero                  0x080032ec   Section        0  funder.o(i.__mathlib_flt_divzero)
    i.__mathlib_flt_infnan                   0x080032f6   Section        0  funder.o(i.__mathlib_flt_infnan)
    i.__mathlib_flt_invalid                  0x080032fc   Section        0  funder.o(i.__mathlib_flt_invalid)
    i.logf                                   0x08003304   Section        0  logf.o(i.logf)
    x$fpl$dfix                               0x08003494   Section       94  dfix.o(x$fpl$dfix)
    x$fpl$dfltu                              0x080034f2   Section       38  dflt_clz.o(x$fpl$dfltu)
    x$fpl$dmul                               0x08003518   Section      340  dmul.o(x$fpl$dmul)
    x$fpl$dnaninf                            0x0800366c   Section      156  dnaninf.o(x$fpl$dnaninf)
    x$fpl$dretinf                            0x08003708   Section       12  dretinf.o(x$fpl$dretinf)
    x$fpl$fadd                               0x08003714   Section      196  faddsub_clz.o(x$fpl$fadd)
    _fadd1                                   0x08003723   Thumb Code     0  faddsub_clz.o(x$fpl$fadd)
    x$fpl$fcheck1                            0x080037d8   Section       12  fcheck1.o(x$fpl$fcheck1)
    x$fpl$fcmp                               0x080037e4   Section       84  fcmp.o(x$fpl$fcmp)
    x$fpl$fcmpinf                            0x08003838   Section       24  fcmpi.o(x$fpl$fcmpinf)
    _fdiv1                                   0x08003851   Thumb Code     0  fdiv.o(x$fpl$fdiv)
    x$fpl$fdiv                               0x08003850   Section      388  fdiv.o(x$fpl$fdiv)
    x$fpl$feqf                               0x080039d4   Section      104  feqf.o(x$fpl$feqf)
    x$fpl$ffix                               0x08003a3c   Section       54  ffix.o(x$fpl$ffix)
    x$fpl$fflt                               0x08003a74   Section       48  fflt_clz.o(x$fpl$fflt)
    x$fpl$ffltu                              0x08003aa4   Section       38  fflt_clz.o(x$fpl$ffltu)
    x$fpl$fgeqf                              0x08003acc   Section      104  fgeqf.o(x$fpl$fgeqf)
    x$fpl$fleqf                              0x08003b34   Section      104  fleqf.o(x$fpl$fleqf)
    x$fpl$fmul                               0x08003b9c   Section      258  fmul.o(x$fpl$fmul)
    x$fpl$fnaninf                            0x08003c9e   Section      140  fnaninf.o(x$fpl$fnaninf)
    x$fpl$fretinf                            0x08003d2a   Section       10  fretinf.o(x$fpl$fretinf)
    x$fpl$fsub                               0x08003d34   Section      234  faddsub_clz.o(x$fpl$fsub)
    _fsub1                                   0x08003d43   Thumb Code     0  faddsub_clz.o(x$fpl$fsub)
    x$fpl$retnan                             0x08003e1e   Section      100  retnan.o(x$fpl$retnan)
    x$fpl$scalbnf                            0x08003e82   Section       76  scalbnf.o(x$fpl$scalbnf)
    x$fpl$trapveneer                         0x08003ece   Section       48  trapv.o(x$fpl$trapveneer)
    x$fpl$usenofp                            0x08003efe   Section        0  usenofp.o(x$fpl$usenofp)
    logahi                                   0x08003f00   Data          32  logf.o(.constdata)
    .constdata                               0x08003f00   Section       64  logf.o(.constdata)
    logalo                                   0x08003f20   Data          32  logf.o(.constdata)
    HAL_RCC_GetSysClockFreq.aPredivFactorTable 0x08003f50   Data           2  stm32f1xx_hal_rcc.o(.rodata.HAL_RCC_GetSysClockFreq.aPredivFactorTable)
    [Anonymous Symbol]                       0x08003f50   Section        0  stm32f1xx_hal_rcc.o(.rodata.HAL_RCC_GetSysClockFreq.aPredivFactorTable)
    HAL_RCC_GetSysClockFreq.aPLLMULFactorTable 0x08003f52   Data          16  stm32f1xx_hal_rcc.o(.rodata.cst16)
    [Anonymous Symbol]                       0x08003f52   Section        0  stm32f1xx_hal_rcc.o(.rodata.cst16)
    .bss                                     0x20000010   Section       96  libspace.o(.bss)
    hc165State                               0x2000016c   Data           1  hc165.o(.bss.hc165State)
    [Anonymous Symbol]                       0x2000016c   Section        0  hc165.o(.bss.hc165State)
    hc165_bitCount                           0x2000016d   Data           1  hc165.o(.bss.hc165_bitCount)
    [Anonymous Symbol]                       0x2000016d   Section        0  hc165.o(.bss.hc165_bitCount)
    Heap_Mem                                 0x20000330   Data         512  startup_stm32f103xb.o(HEAP)
    HEAP                                     0x20000330   Section      512  startup_stm32f103xb.o(HEAP)
    Stack_Mem                                0x20000530   Data        1024  startup_stm32f103xb.o(STACK)
    STACK                                    0x20000530   Section     1024  startup_stm32f103xb.o(STACK)
    __initial_sp                             0x20000930   Data           0  startup_stm32f103xb.o(STACK)

    Global Symbols

    Symbol Name                              Value     Ov Type        Size  Object(Section)

    BuildAttributes$$THM_ISAv4$P$D$K$B$S$PE$A:L22UL41UL21$X:L11$S22US41US21$IEEE1$IW$~IW$USESV6$~STKCKD$USESV7$~SHL$OTIME$ROPI$IEEEX$EBA8$UX$STANDARDLIB$REQ8$PRES8$EABIv2 0x00000000   Number         0  anon$$obj.o ABSOLUTE
    __fp_init_empty                          0x00000000   Number         0  fpinit_empty.o ABSOLUTE
    __ARM_exceptions_init                     - Undefined Weak Reference
    __alloca_initialize                       - Undefined Weak Reference
    __arm_preinit_                            - Undefined Weak Reference
    __arm_relocate_pie_                       - Undefined Weak Reference
    __cpp_initialize__aeabi_                  - Undefined Weak Reference
    __cxa_finalize                            - Undefined Weak Reference
    __rt_locale                               - Undefined Weak Reference
    __sigvec_lookup                           - Undefined Weak Reference
    _atexit_init                              - Undefined Weak Reference
    _call_atexit_fns                          - Undefined Weak Reference
    _clock_init                               - Undefined Weak Reference
    _fp_trap_init                             - Undefined Weak Reference
    _fp_trap_shutdown                         - Undefined Weak Reference
    _get_lc_collate                           - Undefined Weak Reference
    _get_lc_ctype                             - Undefined Weak Reference
    _get_lc_monetary                          - Undefined Weak Reference
    _get_lc_numeric                           - Undefined Weak Reference
    _get_lc_time                              - Undefined Weak Reference
    _getenv_init                              - Undefined Weak Reference
    _handle_redirection                       - Undefined Weak Reference
    _init_alloc                               - Undefined Weak Reference
    _init_user_alloc                          - Undefined Weak Reference
    _initio                                   - Undefined Weak Reference
    _rand_init                                - Undefined Weak Reference
    _signal_finish                            - Undefined Weak Reference
    _signal_init                              - Undefined Weak Reference
    _terminate_alloc                          - Undefined Weak Reference
    _terminate_user_alloc                     - Undefined Weak Reference
    _terminateio                              - Undefined Weak Reference
    __Vectors_Size                           0x000000ec   Number         0  startup_stm32f103xb.o ABSOLUTE
    __Vectors                                0x08000000   Data           4  startup_stm32f103xb.o(RESET)
    __Vectors_End                            0x080000ec   Data           0  startup_stm32f103xb.o(RESET)
    __main                                   0x080000ed   Thumb Code     8  __main.o(!!!main)
    __scatterload                            0x080000f5   Thumb Code     0  __scatter.o(!!!scatter)
    __scatterload_rt2                        0x080000f5   Thumb Code    44  __scatter.o(!!!scatter)
    __scatterload_rt2_thumb_only             0x080000f5   Thumb Code     0  __scatter.o(!!!scatter)
    __scatterload_null                       0x08000103   Thumb Code     0  __scatter.o(!!!scatter)
    __scatterload_copy                       0x08000129   Thumb Code    26  __scatter_copy.o(!!handler_copy)
    __scatterload_zeroinit                   0x08000145   Thumb Code    28  __scatter_zi.o(!!handler_zi)
    __rt_lib_init                            0x08000161   Thumb Code     0  libinit.o(.ARM.Collect$$libinit$$00000000)
    __rt_lib_init_alloca_1                   0x08000163   Thumb Code     0  libinit2.o(.ARM.Collect$$libinit$$00000030)
    __rt_lib_init_argv_1                     0x08000163   Thumb Code     0  libinit2.o(.ARM.Collect$$libinit$$0000002E)
    __rt_lib_init_atexit_1                   0x08000163   Thumb Code     0  libinit2.o(.ARM.Collect$$libinit$$0000001D)
    __rt_lib_init_clock_1                    0x08000163   Thumb Code     0  libinit2.o(.ARM.Collect$$libinit$$00000023)
    __rt_lib_init_cpp_1                      0x08000163   Thumb Code     0  libinit2.o(.ARM.Collect$$libinit$$00000034)
    __rt_lib_init_exceptions_1               0x08000163   Thumb Code     0  libinit2.o(.ARM.Collect$$libinit$$00000032)
    __rt_lib_init_fp_1                       0x08000163   Thumb Code     0  libinit2.o(.ARM.Collect$$libinit$$00000002)
    __rt_lib_init_fp_trap_1                  0x08000163   Thumb Code     0  libinit2.o(.ARM.Collect$$libinit$$00000021)
    __rt_lib_init_getenv_1                   0x08000163   Thumb Code     0  libinit2.o(.ARM.Collect$$libinit$$00000025)
    __rt_lib_init_heap_1                     0x08000163   Thumb Code     0  libinit2.o(.ARM.Collect$$libinit$$0000000C)
    __rt_lib_init_lc_collate_1               0x08000163   Thumb Code     0  libinit2.o(.ARM.Collect$$libinit$$00000013)
    __rt_lib_init_lc_ctype_1                 0x08000163   Thumb Code     0  libinit2.o(.ARM.Collect$$libinit$$00000015)
    __rt_lib_init_lc_monetary_1              0x08000163   Thumb Code     0  libinit2.o(.ARM.Collect$$libinit$$00000017)
    __rt_lib_init_lc_numeric_1               0x08000163   Thumb Code     0  libinit2.o(.ARM.Collect$$libinit$$00000019)
    __rt_lib_init_lc_time_1                  0x08000163   Thumb Code     0  libinit2.o(.ARM.Collect$$libinit$$0000001B)
    __rt_lib_init_preinit_1                  0x08000163   Thumb Code     0  libinit2.o(.ARM.Collect$$libinit$$00000006)
    __rt_lib_init_rand_1                     0x08000163   Thumb Code     0  libinit2.o(.ARM.Collect$$libinit$$00000010)
    __rt_lib_init_relocate_pie_1             0x08000163   Thumb Code     0  libinit2.o(.ARM.Collect$$libinit$$00000004)
    __rt_lib_init_return                     0x08000163   Thumb Code     0  libinit2.o(.ARM.Collect$$libinit$$00000035)
    __rt_lib_init_signal_1                   0x08000163   Thumb Code     0  libinit2.o(.ARM.Collect$$libinit$$0000001F)
    __rt_lib_init_stdio_1                    0x08000163   Thumb Code     0  libinit2.o(.ARM.Collect$$libinit$$00000027)
    __rt_lib_init_user_alloc_1               0x08000163   Thumb Code     0  libinit2.o(.ARM.Collect$$libinit$$0000000E)
    __rt_lib_shutdown                        0x08000165   Thumb Code     0  libshutdown.o(.ARM.Collect$$libshutdown$$00000000)
    __rt_lib_shutdown_cpp_1                  0x08000167   Thumb Code     0  libshutdown2.o(.ARM.Collect$$libshutdown$$00000002)
    __rt_lib_shutdown_fp_trap_1              0x08000167   Thumb Code     0  libshutdown2.o(.ARM.Collect$$libshutdown$$00000007)
    __rt_lib_shutdown_heap_1                 0x08000167   Thumb Code     0  libshutdown2.o(.ARM.Collect$$libshutdown$$0000000F)
    __rt_lib_shutdown_return                 0x08000167   Thumb Code     0  libshutdown2.o(.ARM.Collect$$libshutdown$$00000010)
    __rt_lib_shutdown_signal_1               0x08000167   Thumb Code     0  libshutdown2.o(.ARM.Collect$$libshutdown$$0000000A)
    __rt_lib_shutdown_stdio_1                0x08000167   Thumb Code     0  libshutdown2.o(.ARM.Collect$$libshutdown$$00000004)
    __rt_lib_shutdown_user_alloc_1           0x08000167   Thumb Code     0  libshutdown2.o(.ARM.Collect$$libshutdown$$0000000C)
    __rt_entry                               0x08000169   Thumb Code     0  __rtentry.o(.ARM.Collect$$rtentry$$00000000)
    __rt_entry_presh_1                       0x08000169   Thumb Code     0  __rtentry2.o(.ARM.Collect$$rtentry$$00000002)
    __rt_entry_sh                            0x08000169   Thumb Code     0  __rtentry4.o(.ARM.Collect$$rtentry$$00000004)
    __rt_entry_li                            0x0800016f   Thumb Code     0  __rtentry2.o(.ARM.Collect$$rtentry$$0000000A)
    __rt_entry_postsh_1                      0x0800016f   Thumb Code     0  __rtentry2.o(.ARM.Collect$$rtentry$$00000009)
    __rt_entry_main                          0x08000173   Thumb Code     0  __rtentry2.o(.ARM.Collect$$rtentry$$0000000D)
    __rt_entry_postli_1                      0x08000173   Thumb Code     0  __rtentry2.o(.ARM.Collect$$rtentry$$0000000C)
    __rt_exit                                0x0800017b   Thumb Code     0  rtexit.o(.ARM.Collect$$rtexit$$00000000)
    __rt_exit_ls                             0x0800017d   Thumb Code     0  rtexit2.o(.ARM.Collect$$rtexit$$00000003)
    __rt_exit_prels_1                        0x0800017d   Thumb Code     0  rtexit2.o(.ARM.Collect$$rtexit$$00000002)
    __rt_exit_exit                           0x08000181   Thumb Code     0  rtexit2.o(.ARM.Collect$$rtexit$$00000004)
    Reset_Handler                            0x08000189   Thumb Code     8  startup_stm32f103xb.o(.text)
    ADC1_2_IRQHandler                        0x080001a3   Thumb Code     0  startup_stm32f103xb.o(.text)
    CAN1_RX1_IRQHandler                      0x080001a3   Thumb Code     0  startup_stm32f103xb.o(.text)
    CAN1_SCE_IRQHandler                      0x080001a3   Thumb Code     0  startup_stm32f103xb.o(.text)
    DMA1_Channel2_IRQHandler                 0x080001a3   Thumb Code     0  startup_stm32f103xb.o(.text)
    DMA1_Channel3_IRQHandler                 0x080001a3   Thumb Code     0  startup_stm32f103xb.o(.text)
    DMA1_Channel4_IRQHandler                 0x080001a3   Thumb Code     0  startup_stm32f103xb.o(.text)
    DMA1_Channel5_IRQHandler                 0x080001a3   Thumb Code     0  startup_stm32f103xb.o(.text)
    DMA1_Channel6_IRQHandler                 0x080001a3   Thumb Code     0  startup_stm32f103xb.o(.text)
    DMA1_Channel7_IRQHandler                 0x080001a3   Thumb Code     0  startup_stm32f103xb.o(.text)
    EXTI0_IRQHandler                         0x080001a3   Thumb Code     0  startup_stm32f103xb.o(.text)
    EXTI15_10_IRQHandler                     0x080001a3   Thumb Code     0  startup_stm32f103xb.o(.text)
    EXTI1_IRQHandler                         0x080001a3   Thumb Code     0  startup_stm32f103xb.o(.text)
    EXTI2_IRQHandler                         0x080001a3   Thumb Code     0  startup_stm32f103xb.o(.text)
    EXTI3_IRQHandler                         0x080001a3   Thumb Code     0  startup_stm32f103xb.o(.text)
    EXTI4_IRQHandler                         0x080001a3   Thumb Code     0  startup_stm32f103xb.o(.text)
    EXTI9_5_IRQHandler                       0x080001a3   Thumb Code     0  startup_stm32f103xb.o(.text)
    FLASH_IRQHandler                         0x080001a3   Thumb Code     0  startup_stm32f103xb.o(.text)
    I2C1_ER_IRQHandler                       0x080001a3   Thumb Code     0  startup_stm32f103xb.o(.text)
    I2C1_EV_IRQHandler                       0x080001a3   Thumb Code     0  startup_stm32f103xb.o(.text)
    I2C2_ER_IRQHandler                       0x080001a3   Thumb Code     0  startup_stm32f103xb.o(.text)
    I2C2_EV_IRQHandler                       0x080001a3   Thumb Code     0  startup_stm32f103xb.o(.text)
    PVD_IRQHandler                           0x080001a3   Thumb Code     0  startup_stm32f103xb.o(.text)
    RCC_IRQHandler                           0x080001a3   Thumb Code     0  startup_stm32f103xb.o(.text)
    RTC_Alarm_IRQHandler                     0x080001a3   Thumb Code     0  startup_stm32f103xb.o(.text)
    RTC_IRQHandler                           0x080001a3   Thumb Code     0  startup_stm32f103xb.o(.text)
    SPI1_IRQHandler                          0x080001a3   Thumb Code     0  startup_stm32f103xb.o(.text)
    SPI2_IRQHandler                          0x080001a3   Thumb Code     0  startup_stm32f103xb.o(.text)
    TAMPER_IRQHandler                        0x080001a3   Thumb Code     0  startup_stm32f103xb.o(.text)
    TIM1_BRK_IRQHandler                      0x080001a3   Thumb Code     0  startup_stm32f103xb.o(.text)
    TIM1_CC_IRQHandler                       0x080001a3   Thumb Code     0  startup_stm32f103xb.o(.text)
    TIM1_TRG_COM_IRQHandler                  0x080001a3   Thumb Code     0  startup_stm32f103xb.o(.text)
    TIM1_UP_IRQHandler                       0x080001a3   Thumb Code     0  startup_stm32f103xb.o(.text)
    TIM3_IRQHandler                          0x080001a3   Thumb Code     0  startup_stm32f103xb.o(.text)
    USART1_IRQHandler                        0x080001a3   Thumb Code     0  startup_stm32f103xb.o(.text)
    USART2_IRQHandler                        0x080001a3   Thumb Code     0  startup_stm32f103xb.o(.text)
    USART3_IRQHandler                        0x080001a3   Thumb Code     0  startup_stm32f103xb.o(.text)
    USBWakeUp_IRQHandler                     0x080001a3   Thumb Code     0  startup_stm32f103xb.o(.text)
    USB_HP_CAN1_TX_IRQHandler                0x080001a3   Thumb Code     0  startup_stm32f103xb.o(.text)
    USB_LP_CAN1_RX0_IRQHandler               0x080001a3   Thumb Code     0  startup_stm32f103xb.o(.text)
    WWDG_IRQHandler                          0x080001a3   Thumb Code     0  startup_stm32f103xb.o(.text)
    __user_initial_stackheap                 0x080001a5   Thumb Code     0  startup_stm32f103xb.o(.text)
    __aeabi_memclr4                          0x080001c9   Thumb Code     0  rt_memclr_w.o(.text)
    __aeabi_memclr8                          0x080001c9   Thumb Code     0  rt_memclr_w.o(.text)
    __rt_memclr_w                            0x080001c9   Thumb Code     0  rt_memclr_w.o(.text)
    _memset_w                                0x080001cd   Thumb Code    74  rt_memclr_w.o(.text)
    __use_two_region_memory                  0x08000217   Thumb Code     2  heapauxi.o(.text)
    __rt_heap_escrow$2region                 0x08000219   Thumb Code     2  heapauxi.o(.text)
    __rt_heap_expand$2region                 0x0800021b   Thumb Code     2  heapauxi.o(.text)
    __read_errno                             0x0800021d   Thumb Code    10  _rserrno.o(.text)
    __set_errno                              0x08000227   Thumb Code    12  _rserrno.o(.text)
    __aeabi_errno_addr                       0x08000235   Thumb Code     8  rt_errno_addr_intlibspace.o(.text)
    __errno$intlibspace                      0x08000235   Thumb Code     0  rt_errno_addr_intlibspace.o(.text)
    __rt_errno_addr$intlibspace              0x08000235   Thumb Code     0  rt_errno_addr_intlibspace.o(.text)
    __user_libspace                          0x0800023d   Thumb Code     8  libspace.o(.text)
    __user_perproc_libspace                  0x0800023d   Thumb Code     0  libspace.o(.text)
    __user_perthread_libspace                0x0800023d   Thumb Code     0  libspace.o(.text)
    __user_setup_stackheap                   0x08000245   Thumb Code    74  sys_stackheap_outer.o(.text)
    exit                                     0x0800028f   Thumb Code    18  exit.o(.text)
    _sys_exit                                0x080002a1   Thumb Code     8  sys_exit.o(.text)
    __I$use$semihosting                      0x080002ad   Thumb Code     0  use_no_semi.o(.text)
    __use_no_semihosting_swi                 0x080002ad   Thumb Code     2  use_no_semi.o(.text)
    __semihosting_library_function           0x080002af   Thumb Code     0  indicate_semi.o(.text)
    ADC_DMAConvCplt                          0x080002b1   Thumb Code    80  stm32f1xx_hal_adc.o(.text.ADC_DMAConvCplt)
    ADC_DMAError                             0x08000301   Thumb Code    22  stm32f1xx_hal_adc.o(.text.ADC_DMAError)
    ADC_DMAHalfConvCplt                      0x08000319   Thumb Code     6  stm32f1xx_hal_adc.o(.text.ADC_DMAHalfConvCplt)
    ADC_Enable                               0x08000321   Thumb Code   146  stm32f1xx_hal_adc.o(.text.ADC_Enable)
    BusFault_Handler                         0x080003b5   Thumb Code     2  stm32f1xx_it.o(.text.BusFault_Handler)
    DMA1_Channel1_IRQHandler                 0x080003b9   Thumb Code    12  stm32f1xx_it.o(.text.DMA1_Channel1_IRQHandler)
    DebugMon_Handler                         0x080003c5   Thumb Code     2  stm32f1xx_it.o(.text.DebugMon_Handler)
    Error_Handler                            0x080003c9   Thumb Code    10  main.o(.text.Error_Handler)
    HAL_ADC_ConfigChannel                    0x080003d5   Thumb Code   270  stm32f1xx_hal_adc.o(.text.HAL_ADC_ConfigChannel)
    HAL_ADC_ConvCpltCallback                 0x080004e5   Thumb Code    94  main.o(.text.HAL_ADC_ConvCpltCallback)
    HAL_ADC_ConvHalfCpltCallback             0x08000545   Thumb Code     2  stm32f1xx_hal_adc.o(.text.HAL_ADC_ConvHalfCpltCallback)
    HAL_ADC_ErrorCallback                    0x08000549   Thumb Code     2  stm32f1xx_hal_adc.o(.text.HAL_ADC_ErrorCallback)
    HAL_ADC_Init                             0x0800054d   Thumb Code   348  stm32f1xx_hal_adc.o(.text.HAL_ADC_Init)
    HAL_ADC_MspInit                          0x080006a9   Thumb Code   164  adc.o(.text.HAL_ADC_MspInit)
    HAL_ADC_Start_DMA                        0x0800074d   Thumb Code   310  stm32f1xx_hal_adc.o(.text.HAL_ADC_Start_DMA)
    HAL_DMA_IRQHandler                       0x08000885   Thumb Code   368  stm32f1xx_hal_dma.o(.text.HAL_DMA_IRQHandler)
    HAL_DMA_Init                             0x080009f5   Thumb Code   136  stm32f1xx_hal_dma.o(.text.HAL_DMA_Init)
    HAL_DMA_Start_IT                         0x08000a7d   Thumb Code   152  stm32f1xx_hal_dma.o(.text.HAL_DMA_Start_IT)
    HAL_Delay                                0x08000b15   Thumb Code    40  stm32f1xx_hal.o(.text.HAL_Delay)
    HAL_GPIO_Init                            0x08000b3d   Thumb Code   512  stm32f1xx_hal_gpio.o(.text.HAL_GPIO_Init)
    HAL_GPIO_ReadPin                         0x08000d3d   Thumb Code    10  stm32f1xx_hal_gpio.o(.text.HAL_GPIO_ReadPin)
    HAL_GPIO_TogglePin                       0x08000d49   Thumb Code    16  stm32f1xx_hal_gpio.o(.text.HAL_GPIO_TogglePin)
    HAL_GPIO_WritePin                        0x08000d59   Thumb Code    10  stm32f1xx_hal_gpio.o(.text.HAL_GPIO_WritePin)
    HAL_GetTick                              0x08000d65   Thumb Code    12  stm32f1xx_hal.o(.text.HAL_GetTick)
    HAL_IncTick                              0x08000d71   Thumb Code    26  stm32f1xx_hal.o(.text.HAL_IncTick)
    HAL_Init                                 0x08000d8d   Thumb Code    38  stm32f1xx_hal.o(.text.HAL_Init)
    HAL_InitTick                             0x08000db5   Thumb Code    80  stm32f1xx_hal.o(.text.HAL_InitTick)
    HAL_MspInit                              0x08000e05   Thumb Code    66  stm32f1xx_hal_msp.o(.text.HAL_MspInit)
    HAL_NVIC_EnableIRQ                       0x08000e49   Thumb Code    32  stm32f1xx_hal_cortex.o(.text.HAL_NVIC_EnableIRQ)
    HAL_NVIC_SetPriority                     0x08000e69   Thumb Code    86  stm32f1xx_hal_cortex.o(.text.HAL_NVIC_SetPriority)
    HAL_NVIC_SetPriorityGrouping             0x08000ec1   Thumb Code    32  stm32f1xx_hal_cortex.o(.text.HAL_NVIC_SetPriorityGrouping)
    HAL_RCCEx_PeriphCLKConfig                0x08000ee1   Thumb Code   262  stm32f1xx_hal_rcc_ex.o(.text.HAL_RCCEx_PeriphCLKConfig)
    HAL_RCC_ClockConfig                      0x08000fe9   Thumb Code   442  stm32f1xx_hal_rcc.o(.text.HAL_RCC_ClockConfig)
    HAL_RCC_OscConfig                        0x080011a5   Thumb Code   816  stm32f1xx_hal_rcc.o(.text.HAL_RCC_OscConfig)
    HAL_SYSTICK_Config                       0x080014d5   Thumb Code    44  stm32f1xx_hal_cortex.o(.text.HAL_SYSTICK_Config)
    HAL_TIMEx_BreakCallback                  0x08001501   Thumb Code     2  stm32f1xx_hal_tim_ex.o(.text.HAL_TIMEx_BreakCallback)
    HAL_TIMEx_CommutCallback                 0x08001505   Thumb Code     2  stm32f1xx_hal_tim_ex.o(.text.HAL_TIMEx_CommutCallback)
    HAL_TIMEx_ConfigBreakDeadTime            0x08001509   Thumb Code    76  stm32f1xx_hal_tim_ex.o(.text.HAL_TIMEx_ConfigBreakDeadTime)
    HAL_TIMEx_MasterConfigSynchronization    0x08001555   Thumb Code   118  stm32f1xx_hal_tim_ex.o(.text.HAL_TIMEx_MasterConfigSynchronization)
    HAL_TIM_Base_Init                        0x080015cd   Thumb Code   230  stm32f1xx_hal_tim.o(.text.HAL_TIM_Base_Init)
    HAL_TIM_Base_MspInit                     0x080016b5   Thumb Code   214  tim.o(.text.HAL_TIM_Base_MspInit)
    HAL_TIM_Base_Start_IT                    0x0800178d   Thumb Code   102  stm32f1xx_hal_tim.o(.text.HAL_TIM_Base_Start_IT)
    HAL_TIM_ConfigClockSource                0x080017f5   Thumb Code   412  stm32f1xx_hal_tim.o(.text.HAL_TIM_ConfigClockSource)
    HAL_TIM_IC_CaptureCallback               0x08001991   Thumb Code     2  stm32f1xx_hal_tim.o(.text.HAL_TIM_IC_CaptureCallback)
    HAL_TIM_IRQHandler                       0x08001995   Thumb Code   330  stm32f1xx_hal_tim.o(.text.HAL_TIM_IRQHandler)
    HAL_TIM_OC_DelayElapsedCallback          0x08001ae1   Thumb Code     2  stm32f1xx_hal_tim.o(.text.HAL_TIM_OC_DelayElapsedCallback)
    HAL_TIM_PWM_ConfigChannel                0x08001ae5   Thumb Code   512  stm32f1xx_hal_tim.o(.text.HAL_TIM_PWM_ConfigChannel)
    HAL_TIM_PWM_Init                         0x08001ce5   Thumb Code   230  stm32f1xx_hal_tim.o(.text.HAL_TIM_PWM_Init)
    HAL_TIM_PWM_MspInit                      0x08001dcd   Thumb Code     2  stm32f1xx_hal_tim.o(.text.HAL_TIM_PWM_MspInit)
    HAL_TIM_PWM_PulseFinishedCallback        0x08001dd1   Thumb Code     2  stm32f1xx_hal_tim.o(.text.HAL_TIM_PWM_PulseFinishedCallback)
    HAL_TIM_PWM_Start                        0x08001dd5   Thumb Code   194  stm32f1xx_hal_tim.o(.text.HAL_TIM_PWM_Start)
    HAL_TIM_PWM_Stop                         0x08001e99   Thumb Code   162  stm32f1xx_hal_tim.o(.text.HAL_TIM_PWM_Stop)
    HAL_TIM_PeriodElapsedCallback            0x08001f3d   Thumb Code   100  main.o(.text.HAL_TIM_PeriodElapsedCallback)
    HAL_TIM_TriggerCallback                  0x08001fa1   Thumb Code     2  stm32f1xx_hal_tim.o(.text.HAL_TIM_TriggerCallback)
    HardFault_Handler                        0x08001fa5   Thumb Code     2  stm32f1xx_it.o(.text.HardFault_Handler)
    MX_ADC1_Init                             0x08001fa9   Thumb Code   216  adc.o(.text.MX_ADC1_Init)
    MX_DMA_Init                              0x08002081   Thumb Code    52  dma.o(.text.MX_DMA_Init)
    MX_GPIO_Init                             0x080020b5   Thumb Code   308  gpio.o(.text.MX_GPIO_Init)
    MX_TIM1_Init                             0x080021e9   Thumb Code   400  tim.o(.text.MX_TIM1_Init)
    MX_TIM2_Init                             0x08002379   Thumb Code   122  tim.o(.text.MX_TIM2_Init)
    MX_TIM3_Init                             0x080023f5   Thumb Code   330  tim.o(.text.MX_TIM3_Init)
    MX_TIM4_Init                             0x08002541   Thumb Code   126  tim.o(.text.MX_TIM4_Init)
    MemManage_Handler                        0x080025c1   Thumb Code     2  stm32f1xx_it.o(.text.MemManage_Handler)
    NMI_Handler                              0x080025c5   Thumb Code     2  stm32f1xx_it.o(.text.NMI_Handler)
    PendSV_Handler                           0x080025c9   Thumb Code     2  stm32f1xx_it.o(.text.PendSV_Handler)
    SVC_Handler                              0x080025cd   Thumb Code     2  stm32f1xx_it.o(.text.SVC_Handler)
    SysTick_Handler                          0x080025d1   Thumb Code     4  stm32f1xx_it.o(.text.SysTick_Handler)
    SystemClock_Config                       0x080025d5   Thumb Code   146  main.o(.text.SystemClock_Config)
    SystemInit                               0x08002669   Thumb Code     2  system_stm32f1xx.o(.text.SystemInit)
    TIM2_IRQHandler                          0x0800266d   Thumb Code    12  stm32f1xx_it.o(.text.TIM2_IRQHandler)
    TIM4_IRQHandler                          0x08002679   Thumb Code    12  stm32f1xx_it.o(.text.TIM4_IRQHandler)
    UsageFault_Handler                       0x08002685   Thumb Code     2  stm32f1xx_it.o(.text.UsageFault_Handler)
    hc165_stateMachine                       0x08002739   Thumb Code    20  hc165.o(.text.hc165_stateMachine)
    key_callBack_op                          0x08002761   Thumb Code    32  main.o(.text.key_callBack_op)
    key_callBack_set                         0x08002781   Thumb Code    22  main.o(.text.key_callBack_set)
    main                                     0x08002799   Thumb Code   876  main.o(.text.main)
    motor_handler                            0x08002b05   Thumb Code   132  motor.o(.text.motor_handler)
    motor_init_pins                          0x08002b89   Thumb Code    32  motor.o(.text.motor_init_pins)
    motor_init_timer                         0x08002ba9   Thumb Code     6  motor.o(.text.motor_init_timer)
    motor_update                             0x08002bb1   Thumb Code   144  motor.o(.text.motor_update)
    ntc_init                                 0x08002c41   Thumb Code   112  ntc.o(.text.ntc_init)
    ntc_update_adc                           0x08002cb1   Thumb Code   584  ntc.o(.text.ntc_update_adc)
    sensor_fcallBack_close1                  0x08002ef9   Thumb Code     2  main.o(.text.sensor_fcallBack_close1)
    sensor_fcallBack_close2                  0x08002efd   Thumb Code     2  main.o(.text.sensor_fcallBack_close2)
    sensor_fcallBack_laser                   0x08002f01   Thumb Code     2  main.o(.text.sensor_fcallBack_laser)
    sensor_fcallBack_open1                   0x08002f05   Thumb Code     2  main.o(.text.sensor_fcallBack_open1)
    sensor_fcallBack_open2                   0x08002f09   Thumb Code     2  main.o(.text.sensor_fcallBack_open2)
    sensor_hcallBack_close1                  0x08002f0d   Thumb Code    58  main.o(.text.sensor_hcallBack_close1)
    sensor_hcallBack_close2                  0x08002f49   Thumb Code     2  main.o(.text.sensor_hcallBack_close2)
    sensor_hcallBack_laser                   0x08002f4d   Thumb Code     2  main.o(.text.sensor_hcallBack_laser)
    sensor_hcallBack_open1                   0x08002f51   Thumb Code     2  main.o(.text.sensor_hcallBack_open1)
    sensor_hcallBack_open2                   0x08002f55   Thumb Code    60  main.o(.text.sensor_hcallBack_open2)
    start_motor_lowSpeed                     0x08002fb1   Thumb Code    90  motor.o(.text.start_motor_lowSpeed)
    trapezoidal_func_init                    0x080030d1   Thumb Code    32  trapezoidal.o(.text.trapezoidal_func_init)
    trapezoidal_stateMachine                 0x08003299   Thumb Code    12  trapezoidal.o(.text.trapezoidal_stateMachine)
    __mathlib_flt_divzero                    0x080032ed   Thumb Code    10  funder.o(i.__mathlib_flt_divzero)
    __mathlib_flt_infnan                     0x080032f7   Thumb Code     6  funder.o(i.__mathlib_flt_infnan)
    __mathlib_flt_invalid                    0x080032fd   Thumb Code     8  funder.o(i.__mathlib_flt_invalid)
    __mathlib_logf                           0x08003305   Thumb Code     0  logf.o(i.logf)
    logf                                     0x08003305   Thumb Code   362  logf.o(i.logf)
    __aeabi_d2iz                             0x08003495   Thumb Code     0  dfix.o(x$fpl$dfix)
    _dfix                                    0x08003495   Thumb Code    94  dfix.o(x$fpl$dfix)
    __aeabi_ui2d                             0x080034f3   Thumb Code     0  dflt_clz.o(x$fpl$dfltu)
    _dfltu                                   0x080034f3   Thumb Code    38  dflt_clz.o(x$fpl$dfltu)
    __aeabi_dmul                             0x08003519   Thumb Code     0  dmul.o(x$fpl$dmul)
    _dmul                                    0x08003519   Thumb Code   332  dmul.o(x$fpl$dmul)
    __fpl_dnaninf                            0x0800366d   Thumb Code   156  dnaninf.o(x$fpl$dnaninf)
    __fpl_dretinf                            0x08003709   Thumb Code    12  dretinf.o(x$fpl$dretinf)
    __aeabi_fadd                             0x08003715   Thumb Code     0  faddsub_clz.o(x$fpl$fadd)
    _fadd                                    0x08003715   Thumb Code   196  faddsub_clz.o(x$fpl$fadd)
    __fpl_fcheck_NaN1                        0x080037d9   Thumb Code     6  fcheck1.o(x$fpl$fcheck1)
    __aeabi_fcmpeq                           0x080037e5   Thumb Code     0  fcmp.o(x$fpl$fcmp)
    _feq                                     0x080037e5   Thumb Code    14  fcmp.o(x$fpl$fcmp)
    _fneq                                    0x080037f3   Thumb Code    14  fcmp.o(x$fpl$fcmp)
    __aeabi_fcmpgt                           0x08003801   Thumb Code     0  fcmp.o(x$fpl$fcmp)
    _fgr                                     0x08003801   Thumb Code    14  fcmp.o(x$fpl$fcmp)
    __aeabi_fcmpge                           0x0800380f   Thumb Code     0  fcmp.o(x$fpl$fcmp)
    _fgeq                                    0x0800380f   Thumb Code    14  fcmp.o(x$fpl$fcmp)
    __aeabi_fcmple                           0x0800381d   Thumb Code     0  fcmp.o(x$fpl$fcmp)
    _fleq                                    0x0800381d   Thumb Code    14  fcmp.o(x$fpl$fcmp)
    __aeabi_fcmplt                           0x0800382b   Thumb Code     0  fcmp.o(x$fpl$fcmp)
    _fls                                     0x0800382b   Thumb Code    14  fcmp.o(x$fpl$fcmp)
    __fpl_fcmp_Inf                           0x08003839   Thumb Code    24  fcmpi.o(x$fpl$fcmpinf)
    __aeabi_fdiv                             0x08003851   Thumb Code     0  fdiv.o(x$fpl$fdiv)
    _fdiv                                    0x08003851   Thumb Code   384  fdiv.o(x$fpl$fdiv)
    __aeabi_cfcmpeq                          0x080039d5   Thumb Code     0  feqf.o(x$fpl$feqf)
    _fcmpeq                                  0x080039d5   Thumb Code   104  feqf.o(x$fpl$feqf)
    __aeabi_f2iz                             0x08003a3d   Thumb Code     0  ffix.o(x$fpl$ffix)
    _ffix                                    0x08003a3d   Thumb Code    54  ffix.o(x$fpl$ffix)
    __aeabi_i2f                              0x08003a75   Thumb Code     0  fflt_clz.o(x$fpl$fflt)
    _fflt                                    0x08003a75   Thumb Code    48  fflt_clz.o(x$fpl$fflt)
    __aeabi_ui2f                             0x08003aa5   Thumb Code     0  fflt_clz.o(x$fpl$ffltu)
    _ffltu                                   0x08003aa5   Thumb Code    38  fflt_clz.o(x$fpl$ffltu)
    _fcmpge                                  0x08003acd   Thumb Code   104  fgeqf.o(x$fpl$fgeqf)
    __aeabi_cfcmple                          0x08003b35   Thumb Code     0  fleqf.o(x$fpl$fleqf)
    _fcmple                                  0x08003b35   Thumb Code   104  fleqf.o(x$fpl$fleqf)
    __fpl_fcmple_InfNaN                      0x08003b87   Thumb Code     0  fleqf.o(x$fpl$fleqf)
    __aeabi_fmul                             0x08003b9d   Thumb Code     0  fmul.o(x$fpl$fmul)
    _fmul                                    0x08003b9d   Thumb Code   258  fmul.o(x$fpl$fmul)
    __fpl_fnaninf                            0x08003c9f   Thumb Code   140  fnaninf.o(x$fpl$fnaninf)
    __fpl_fretinf                            0x08003d2b   Thumb Code    10  fretinf.o(x$fpl$fretinf)
    __aeabi_fsub                             0x08003d35   Thumb Code     0  faddsub_clz.o(x$fpl$fsub)
    _fsub                                    0x08003d35   Thumb Code   234  faddsub_clz.o(x$fpl$fsub)
    __fpl_return_NaN                         0x08003e1f   Thumb Code   100  retnan.o(x$fpl$retnan)
    __ARM_scalbnf                            0x08003e83   Thumb Code    76  scalbnf.o(x$fpl$scalbnf)
    __fpl_cmpreturn                          0x08003ecf   Thumb Code    48  trapv.o(x$fpl$trapveneer)
    __I$use$fp                               0x08003efe   Number         0  usenofp.o(x$fpl$usenofp)
    AHBPrescTable                            0x08003f40   Data          16  system_stm32f1xx.o(.rodata.AHBPrescTable)
    Region$$Table$$Base                      0x08003f64   Number         0  anon$$obj.o(Region$$Table)
    Region$$Table$$Limit                     0x08003f84   Number         0  anon$$obj.o(Region$$Table)
    SystemCoreClock                          0x20000000   Data           4  system_stm32f1xx.o(.data.SystemCoreClock)
    hc165_out                                0x20000004   Data           1  hc165.o(.data.hc165_out)
    uwTickFreq                               0x20000005   Data           1  stm32f1xx_hal.o(.data.uwTickFreq)
    uwTickPrio                               0x20000008   Data           4  stm32f1xx_hal.o(.data.uwTickPrio)
    __libspace_start                         0x20000010   Data          96  libspace.o(.bss)
    __temporary_stack_top$libspace           0x20000070   Data           0  libspace.o(.bss)
    dma_buf                                  0x20000070   Data         200  main.o(.bss.dma_buf)
    flags                                    0x20000138   Data           1  main.o(.bss.flags)
    hadc1                                    0x2000013c   Data          48  adc.o(.bss.hadc1)
    hdma_adc1                                0x20000170   Data          68  adc.o(.bss.hdma_adc1)
    htim1                                    0x200001b4   Data          72  tim.o(.bss.htim1)
    htim2                                    0x200001fc   Data          72  tim.o(.bss.htim2)
    htim3                                    0x20000244   Data          72  tim.o(.bss.htim3)
    htim4                                    0x2000028c   Data          72  tim.o(.bss.htim4)
    key_timer                                0x200002d4   Data           1  main.o(.bss.key_timer)
    motor1                                   0x200002d8   Data          60  main.o(.bss.motor1)
    sum_buf                                  0x20000314   Data          20  main.o(.bss.sum_buf)
    uwTick                                   0x20000328   Data           4  stm32f1xx_hal.o(.bss.uwTick)



==============================================================================

Memory Map of the image

  Image Entry point : 0x080000ed

  Load Region LR_IROM1 (Base: 0x08000000, Size: 0x00003f98, Max: 0x00010000, ABSOLUTE)

    Execution Region ER_IROM1 (Exec base: 0x08000000, Load base: 0x08000000, Size: 0x00003f84, Max: 0x00010000, ABSOLUTE)

    Exec Addr    Load Addr    Size         Type   Attr      Idx    E Section Name        Object

    0x08000000   0x08000000   0x000000ec   Data   RO            3    RESET               startup_stm32f103xb.o
    0x080000ec   0x080000ec   0x00000008   Code   RO         1063  * !!!main             c_w.l(__main.o)
    0x080000f4   0x080000f4   0x00000034   Code   RO         1315    !!!scatter          c_w.l(__scatter.o)
    0x08000128   0x08000128   0x0000001a   Code   RO         1317    !!handler_copy      c_w.l(__scatter_copy.o)
    0x08000142   0x08000142   0x00000002   PAD
    0x08000144   0x08000144   0x0000001c   Code   RO         1319    !!handler_zi        c_w.l(__scatter_zi.o)
    0x08000160   0x08000160   0x00000002   Code   RO         1176    .ARM.Collect$$libinit$$00000000  c_w.l(libinit.o)
    0x08000162   0x08000162   0x00000000   Code   RO         1182    .ARM.Collect$$libinit$$00000002  c_w.l(libinit2.o)
    0x08000162   0x08000162   0x00000000   Code   RO         1184    .ARM.Collect$$libinit$$00000004  c_w.l(libinit2.o)
    0x08000162   0x08000162   0x00000000   Code   RO         1186    .ARM.Collect$$libinit$$00000006  c_w.l(libinit2.o)
    0x08000162   0x08000162   0x00000000   Code   RO         1189    .ARM.Collect$$libinit$$0000000C  c_w.l(libinit2.o)
    0x08000162   0x08000162   0x00000000   Code   RO         1191    .ARM.Collect$$libinit$$0000000E  c_w.l(libinit2.o)
    0x08000162   0x08000162   0x00000000   Code   RO         1193    .ARM.Collect$$libinit$$00000010  c_w.l(libinit2.o)
    0x08000162   0x08000162   0x00000000   Code   RO         1196    .ARM.Collect$$libinit$$00000013  c_w.l(libinit2.o)
    0x08000162   0x08000162   0x00000000   Code   RO         1198    .ARM.Collect$$libinit$$00000015  c_w.l(libinit2.o)
    0x08000162   0x08000162   0x00000000   Code   RO         1200    .ARM.Collect$$libinit$$00000017  c_w.l(libinit2.o)
    0x08000162   0x08000162   0x00000000   Code   RO         1202    .ARM.Collect$$libinit$$00000019  c_w.l(libinit2.o)
    0x08000162   0x08000162   0x00000000   Code   RO         1204    .ARM.Collect$$libinit$$0000001B  c_w.l(libinit2.o)
    0x08000162   0x08000162   0x00000000   Code   RO         1206    .ARM.Collect$$libinit$$0000001D  c_w.l(libinit2.o)
    0x08000162   0x08000162   0x00000000   Code   RO         1208    .ARM.Collect$$libinit$$0000001F  c_w.l(libinit2.o)
    0x08000162   0x08000162   0x00000000   Code   RO         1210    .ARM.Collect$$libinit$$00000021  c_w.l(libinit2.o)
    0x08000162   0x08000162   0x00000000   Code   RO         1212    .ARM.Collect$$libinit$$00000023  c_w.l(libinit2.o)
    0x08000162   0x08000162   0x00000000   Code   RO         1214    .ARM.Collect$$libinit$$00000025  c_w.l(libinit2.o)
    0x08000162   0x08000162   0x00000000   Code   RO         1216    .ARM.Collect$$libinit$$00000027  c_w.l(libinit2.o)
    0x08000162   0x08000162   0x00000000   Code   RO         1220    .ARM.Collect$$libinit$$0000002E  c_w.l(libinit2.o)
    0x08000162   0x08000162   0x00000000   Code   RO         1222    .ARM.Collect$$libinit$$00000030  c_w.l(libinit2.o)
    0x08000162   0x08000162   0x00000000   Code   RO         1224    .ARM.Collect$$libinit$$00000032  c_w.l(libinit2.o)
    0x08000162   0x08000162   0x00000000   Code   RO         1226    .ARM.Collect$$libinit$$00000034  c_w.l(libinit2.o)
    0x08000162   0x08000162   0x00000002   Code   RO         1227    .ARM.Collect$$libinit$$00000035  c_w.l(libinit2.o)
    0x08000164   0x08000164   0x00000002   Code   RO         1251    .ARM.Collect$$libshutdown$$00000000  c_w.l(libshutdown.o)
    0x08000166   0x08000166   0x00000000   Code   RO         1266    .ARM.Collect$$libshutdown$$00000002  c_w.l(libshutdown2.o)
    0x08000166   0x08000166   0x00000000   Code   RO         1268    .ARM.Collect$$libshutdown$$00000004  c_w.l(libshutdown2.o)
    0x08000166   0x08000166   0x00000000   Code   RO         1271    .ARM.Collect$$libshutdown$$00000007  c_w.l(libshutdown2.o)
    0x08000166   0x08000166   0x00000000   Code   RO         1274    .ARM.Collect$$libshutdown$$0000000A  c_w.l(libshutdown2.o)
    0x08000166   0x08000166   0x00000000   Code   RO         1276    .ARM.Collect$$libshutdown$$0000000C  c_w.l(libshutdown2.o)
    0x08000166   0x08000166   0x00000000   Code   RO         1279    .ARM.Collect$$libshutdown$$0000000F  c_w.l(libshutdown2.o)
    0x08000166   0x08000166   0x00000002   Code   RO         1280    .ARM.Collect$$libshutdown$$00000010  c_w.l(libshutdown2.o)
    0x08000168   0x08000168   0x00000000   Code   RO         1106    .ARM.Collect$$rtentry$$00000000  c_w.l(__rtentry.o)
    0x08000168   0x08000168   0x00000000   Code   RO         1141    .ARM.Collect$$rtentry$$00000002  c_w.l(__rtentry2.o)
    0x08000168   0x08000168   0x00000006   Code   RO         1153    .ARM.Collect$$rtentry$$00000004  c_w.l(__rtentry4.o)
    0x0800016e   0x0800016e   0x00000000   Code   RO         1143    .ARM.Collect$$rtentry$$00000009  c_w.l(__rtentry2.o)
    0x0800016e   0x0800016e   0x00000004   Code   RO         1144    .ARM.Collect$$rtentry$$0000000A  c_w.l(__rtentry2.o)
    0x08000172   0x08000172   0x00000000   Code   RO         1146    .ARM.Collect$$rtentry$$0000000C  c_w.l(__rtentry2.o)
    0x08000172   0x08000172   0x00000008   Code   RO         1147    .ARM.Collect$$rtentry$$0000000D  c_w.l(__rtentry2.o)
    0x0800017a   0x0800017a   0x00000002   Code   RO         1179    .ARM.Collect$$rtexit$$00000000  c_w.l(rtexit.o)
    0x0800017c   0x0800017c   0x00000000   Code   RO         1231    .ARM.Collect$$rtexit$$00000002  c_w.l(rtexit2.o)
    0x0800017c   0x0800017c   0x00000004   Code   RO         1232    .ARM.Collect$$rtexit$$00000003  c_w.l(rtexit2.o)
    0x08000180   0x08000180   0x00000006   Code   RO         1233    .ARM.Collect$$rtexit$$00000004  c_w.l(rtexit2.o)
    0x08000186   0x08000186   0x00000002   PAD
    0x08000188   0x08000188   0x00000040   Code   RO            4    .text               startup_stm32f103xb.o
    0x080001c8   0x080001c8   0x0000004e   Code   RO         1059    .text               c_w.l(rt_memclr_w.o)
    0x08000216   0x08000216   0x00000006   Code   RO         1061    .text               c_w.l(heapauxi.o)
    0x0800021c   0x0800021c   0x00000016   Code   RO         1107    .text               c_w.l(_rserrno.o)
    0x08000232   0x08000232   0x00000002   PAD
    0x08000234   0x08000234   0x00000008   Code   RO         1158    .text               c_w.l(rt_errno_addr_intlibspace.o)
    0x0800023c   0x0800023c   0x00000008   Code   RO         1164    .text               c_w.l(libspace.o)
    0x08000244   0x08000244   0x0000004a   Code   RO         1167    .text               c_w.l(sys_stackheap_outer.o)
    0x0800028e   0x0800028e   0x00000012   Code   RO         1169    .text               c_w.l(exit.o)
    0x080002a0   0x080002a0   0x0000000c   Code   RO         1241    .text               c_w.l(sys_exit.o)
    0x080002ac   0x080002ac   0x00000002   Code   RO         1256    .text               c_w.l(use_no_semi.o)
    0x080002ae   0x080002ae   0x00000000   Code   RO         1258    .text               c_w.l(indicate_semi.o)
    0x080002ae   0x080002ae   0x00000002   PAD
    0x080002b0   0x080002b0   0x00000050   Code   RO          320    .text.ADC_DMAConvCplt  stm32f1xx_hal_adc.o
    0x08000300   0x08000300   0x00000016   Code   RO          324    .text.ADC_DMAError  stm32f1xx_hal_adc.o
    0x08000316   0x08000316   0x00000002   PAD
    0x08000318   0x08000318   0x00000006   Code   RO          322    .text.ADC_DMAHalfConvCplt  stm32f1xx_hal_adc.o
    0x0800031e   0x0800031e   0x00000002   PAD
    0x08000320   0x08000320   0x00000092   Code   RO          306    .text.ADC_Enable    stm32f1xx_hal_adc.o
    0x080003b2   0x080003b2   0x00000002   PAD
    0x080003b4   0x080003b4   0x00000002   Code   RO          246    .text.BusFault_Handler  stm32f1xx_it.o
    0x080003b6   0x080003b6   0x00000002   PAD
    0x080003b8   0x080003b8   0x0000000c   Code   RO          258    .text.DMA1_Channel1_IRQHandler  stm32f1xx_it.o
    0x080003c4   0x080003c4   0x00000002   Code   RO          252    .text.DebugMon_Handler  stm32f1xx_it.o
    0x080003c6   0x080003c6   0x00000002   PAD
    0x080003c8   0x080003c8   0x0000000a   Code   RO          151    .text.Error_Handler  main.o
    0x080003d2   0x080003d2   0x00000002   PAD
    0x080003d4   0x080003d4   0x0000010e   Code   RO          340    .text.HAL_ADC_ConfigChannel  stm32f1xx_hal_adc.o
    0x080004e2   0x080004e2   0x00000002   PAD
    0x080004e4   0x080004e4   0x0000005e   Code   RO          163    .text.HAL_ADC_ConvCpltCallback  main.o
    0x08000542   0x08000542   0x00000002   PAD
    0x08000544   0x08000544   0x00000002   Code   RO          336    .text.HAL_ADC_ConvHalfCpltCallback  stm32f1xx_hal_adc.o
    0x08000546   0x08000546   0x00000002   PAD
    0x08000548   0x08000548   0x00000002   Code   RO          338    .text.HAL_ADC_ErrorCallback  stm32f1xx_hal_adc.o
    0x0800054a   0x0800054a   0x00000002   PAD
    0x0800054c   0x0800054c   0x0000015c   Code   RO          294    .text.HAL_ADC_Init  stm32f1xx_hal_adc.o
    0x080006a8   0x080006a8   0x000000a4   Code   RO          191    .text.HAL_ADC_MspInit  adc.o
    0x0800074c   0x0800074c   0x00000136   Code   RO          318    .text.HAL_ADC_Start_DMA  stm32f1xx_hal_adc.o
    0x08000882   0x08000882   0x00000002   PAD
    0x08000884   0x08000884   0x00000170   Code   RO          541    .text.HAL_DMA_IRQHandler  stm32f1xx_hal_dma.o
    0x080009f4   0x080009f4   0x00000088   Code   RO          527    .text.HAL_DMA_Init  stm32f1xx_hal_dma.o
    0x08000a7c   0x08000a7c   0x00000098   Code   RO          533    .text.HAL_DMA_Start_IT  stm32f1xx_hal_dma.o
    0x08000b14   0x08000b14   0x00000028   Code   RO          410    .text.HAL_Delay     stm32f1xx_hal.o
    0x08000b3c   0x08000b3c   0x00000200   Code   RO          503    .text.HAL_GPIO_Init  stm32f1xx_hal_gpio.o
    0x08000d3c   0x08000d3c   0x0000000a   Code   RO          507    .text.HAL_GPIO_ReadPin  stm32f1xx_hal_gpio.o
    0x08000d46   0x08000d46   0x00000002   PAD
    0x08000d48   0x08000d48   0x00000010   Code   RO          511    .text.HAL_GPIO_TogglePin  stm32f1xx_hal_gpio.o
    0x08000d58   0x08000d58   0x0000000a   Code   RO          509    .text.HAL_GPIO_WritePin  stm32f1xx_hal_gpio.o
    0x08000d62   0x08000d62   0x00000002   PAD
    0x08000d64   0x08000d64   0x0000000c   Code   RO          402    .text.HAL_GetTick   stm32f1xx_hal.o
    0x08000d70   0x08000d70   0x0000001a   Code   RO          400    .text.HAL_IncTick   stm32f1xx_hal.o
    0x08000d8a   0x08000d8a   0x00000002   PAD
    0x08000d8c   0x08000d8c   0x00000026   Code   RO          390    .text.HAL_Init      stm32f1xx_hal.o
    0x08000db2   0x08000db2   0x00000002   PAD
    0x08000db4   0x08000db4   0x00000050   Code   RO          392    .text.HAL_InitTick  stm32f1xx_hal.o
    0x08000e04   0x08000e04   0x00000042   Code   RO          271    .text.HAL_MspInit   stm32f1xx_hal_msp.o
    0x08000e46   0x08000e46   0x00000002   PAD
    0x08000e48   0x08000e48   0x00000020   Code   RO          563    .text.HAL_NVIC_EnableIRQ  stm32f1xx_hal_cortex.o
    0x08000e68   0x08000e68   0x00000056   Code   RO          561    .text.HAL_NVIC_SetPriority  stm32f1xx_hal_cortex.o
    0x08000ebe   0x08000ebe   0x00000002   PAD
    0x08000ec0   0x08000ec0   0x00000020   Code   RO          559    .text.HAL_NVIC_SetPriorityGrouping  stm32f1xx_hal_cortex.o
    0x08000ee0   0x08000ee0   0x00000106   Code   RO          489    .text.HAL_RCCEx_PeriphCLKConfig  stm32f1xx_hal_rcc_ex.o
    0x08000fe6   0x08000fe6   0x00000002   PAD
    0x08000fe8   0x08000fe8   0x000001ba   Code   RO          455    .text.HAL_RCC_ClockConfig  stm32f1xx_hal_rcc.o
    0x080011a2   0x080011a2   0x00000002   PAD
    0x080011a4   0x080011a4   0x00000330   Code   RO          453    .text.HAL_RCC_OscConfig  stm32f1xx_hal_rcc.o
    0x080014d4   0x080014d4   0x0000002c   Code   RO          571    .text.HAL_SYSTICK_Config  stm32f1xx_hal_cortex.o
    0x08001500   0x08001500   0x00000002   Code   RO         1029    .text.HAL_TIMEx_BreakCallback  stm32f1xx_hal_tim_ex.o
    0x08001502   0x08001502   0x00000002   PAD
    0x08001504   0x08001504   0x00000002   Code   RO         1025    .text.HAL_TIMEx_CommutCallback  stm32f1xx_hal_tim_ex.o
    0x08001506   0x08001506   0x00000002   PAD
    0x08001508   0x08001508   0x0000004c   Code   RO         1021    .text.HAL_TIMEx_ConfigBreakDeadTime  stm32f1xx_hal_tim_ex.o
    0x08001554   0x08001554   0x00000076   Code   RO         1019    .text.HAL_TIMEx_MasterConfigSynchronization  stm32f1xx_hal_tim_ex.o
    0x080015ca   0x080015ca   0x00000002   PAD
    0x080015cc   0x080015cc   0x000000e6   Code   RO          724    .text.HAL_TIM_Base_Init  stm32f1xx_hal_tim.o
    0x080016b2   0x080016b2   0x00000002   PAD
    0x080016b4   0x080016b4   0x000000d6   Code   RO          224    .text.HAL_TIM_Base_MspInit  tim.o
    0x0800178a   0x0800178a   0x00000002   PAD
    0x0800178c   0x0800178c   0x00000066   Code   RO          738    .text.HAL_TIM_Base_Start_IT  stm32f1xx_hal_tim.o
    0x080017f2   0x080017f2   0x00000002   PAD
    0x080017f4   0x080017f4   0x0000019c   Code   RO          904    .text.HAL_TIM_ConfigClockSource  stm32f1xx_hal_tim.o
    0x08001990   0x08001990   0x00000002   Code   RO          860    .text.HAL_TIM_IC_CaptureCallback  stm32f1xx_hal_tim.o
    0x08001992   0x08001992   0x00000002   PAD
    0x08001994   0x08001994   0x0000014a   Code   RO          858    .text.HAL_TIM_IRQHandler  stm32f1xx_hal_tim.o
    0x08001ade   0x08001ade   0x00000002   PAD
    0x08001ae0   0x08001ae0   0x00000002   Code   RO          862    .text.HAL_TIM_OC_DelayElapsedCallback  stm32f1xx_hal_tim.o
    0x08001ae2   0x08001ae2   0x00000002   PAD
    0x08001ae4   0x08001ae4   0x00000200   Code   RO          878    .text.HAL_TIM_PWM_ConfigChannel  stm32f1xx_hal_tim.o
    0x08001ce4   0x08001ce4   0x000000e6   Code   RO          778    .text.HAL_TIM_PWM_Init  stm32f1xx_hal_tim.o
    0x08001dca   0x08001dca   0x00000002   PAD
    0x08001dcc   0x08001dcc   0x00000002   Code   RO          780    .text.HAL_TIM_PWM_MspInit  stm32f1xx_hal_tim.o
    0x08001dce   0x08001dce   0x00000002   PAD
    0x08001dd0   0x08001dd0   0x00000002   Code   RO          864    .text.HAL_TIM_PWM_PulseFinishedCallback  stm32f1xx_hal_tim.o
    0x08001dd2   0x08001dd2   0x00000002   PAD
    0x08001dd4   0x08001dd4   0x000000c2   Code   RO          786    .text.HAL_TIM_PWM_Start  stm32f1xx_hal_tim.o
    0x08001e96   0x08001e96   0x00000002   PAD
    0x08001e98   0x08001e98   0x000000a2   Code   RO          788    .text.HAL_TIM_PWM_Stop  stm32f1xx_hal_tim.o
    0x08001f3a   0x08001f3a   0x00000002   PAD
    0x08001f3c   0x08001f3c   0x00000064   Code   RO          161    .text.HAL_TIM_PeriodElapsedCallback  main.o
    0x08001fa0   0x08001fa0   0x00000002   Code   RO          868    .text.HAL_TIM_TriggerCallback  stm32f1xx_hal_tim.o
    0x08001fa2   0x08001fa2   0x00000002   PAD
    0x08001fa4   0x08001fa4   0x00000002   Code   RO          242    .text.HardFault_Handler  stm32f1xx_it.o
    0x08001fa6   0x08001fa6   0x00000002   PAD
    0x08001fa8   0x08001fa8   0x000000d8   Code   RO          189    .text.MX_ADC1_Init  adc.o
    0x08002080   0x08002080   0x00000034   Code   RO          205    .text.MX_DMA_Init   dma.o
    0x080020b4   0x080020b4   0x00000134   Code   RO          180    .text.MX_GPIO_Init  gpio.o
    0x080021e8   0x080021e8   0x00000190   Code   RO          214    .text.MX_TIM1_Init  tim.o
    0x08002378   0x08002378   0x0000007a   Code   RO          218    .text.MX_TIM2_Init  tim.o
    0x080023f2   0x080023f2   0x00000002   PAD
    0x080023f4   0x080023f4   0x0000014a   Code   RO          220    .text.MX_TIM3_Init  tim.o
    0x0800253e   0x0800253e   0x00000002   PAD
    0x08002540   0x08002540   0x0000007e   Code   RO          222    .text.MX_TIM4_Init  tim.o
    0x080025be   0x080025be   0x00000002   PAD
    0x080025c0   0x080025c0   0x00000002   Code   RO          244    .text.MemManage_Handler  stm32f1xx_it.o
    0x080025c2   0x080025c2   0x00000002   PAD
    0x080025c4   0x080025c4   0x00000002   Code   RO          240    .text.NMI_Handler   stm32f1xx_it.o
    0x080025c6   0x080025c6   0x00000002   PAD
    0x080025c8   0x080025c8   0x00000002   Code   RO          254    .text.PendSV_Handler  stm32f1xx_it.o
    0x080025ca   0x080025ca   0x00000002   PAD
    0x080025cc   0x080025cc   0x00000002   Code   RO          250    .text.SVC_Handler   stm32f1xx_it.o
    0x080025ce   0x080025ce   0x00000002   PAD
    0x080025d0   0x080025d0   0x00000004   Code   RO          256    .text.SysTick_Handler  stm32f1xx_it.o
    0x080025d4   0x080025d4   0x00000092   Code   RO          115    .text.SystemClock_Config  main.o
    0x08002666   0x08002666   0x00000002   PAD
    0x08002668   0x08002668   0x00000002   Code   RO         1043    .text.SystemInit    system_stm32f1xx.o
    0x0800266a   0x0800266a   0x00000002   PAD
    0x0800266c   0x0800266c   0x0000000c   Code   RO          260    .text.TIM2_IRQHandler  stm32f1xx_it.o
    0x08002678   0x08002678   0x0000000c   Code   RO          262    .text.TIM4_IRQHandler  stm32f1xx_it.o
    0x08002684   0x08002684   0x00000002   Code   RO          248    .text.UsageFault_Handler  stm32f1xx_it.o
    0x08002686   0x08002686   0x00000002   PAD
    0x08002688   0x08002688   0x0000002c   Code   RO           27    .text.endCapture    hc165.o
    0x080026b4   0x080026b4   0x00000054   Code   RO           29    .text.getSample     hc165.o
    0x08002708   0x08002708   0x0000002e   Code   RO           23    .text.hc165Init     hc165.o
    0x08002736   0x08002736   0x00000002   PAD
    0x08002738   0x08002738   0x00000028   Code   RO           21    .text.hc165_stateMachine  hc165.o
    0x08002760   0x08002760   0x00000020   Code   RO          119    .text.key_callBack_op  main.o
    0x08002780   0x08002780   0x00000016   Code   RO          121    .text.key_callBack_set  main.o
    0x08002796   0x08002796   0x00000002   PAD
    0x08002798   0x08002798   0x0000036c   Code   RO          113    .text.main          main.o
    0x08002b04   0x08002b04   0x00000084   Code   RO           89    .text.motor_handler  motor.o
    0x08002b88   0x08002b88   0x00000020   Code   RO           63    .text.motor_init_pins  motor.o
    0x08002ba8   0x08002ba8   0x00000006   Code   RO           65    .text.motor_init_timer  motor.o
    0x08002bae   0x08002bae   0x00000002   PAD
    0x08002bb0   0x08002bb0   0x00000090   Code   RO           75    .text.motor_update  motor.o
    0x08002c40   0x08002c40   0x00000070   Code   RO          100    .text.ntc_init      ntc.o
    0x08002cb0   0x08002cb0   0x00000248   Code   RO          102    .text.ntc_update_adc  ntc.o
    0x08002ef8   0x08002ef8   0x00000002   Code   RO          125    .text.sensor_fcallBack_close1  main.o
    0x08002efa   0x08002efa   0x00000002   PAD
    0x08002efc   0x08002efc   0x00000002   Code   RO          131    .text.sensor_fcallBack_close2  main.o
    0x08002efe   0x08002efe   0x00000002   PAD
    0x08002f00   0x08002f00   0x00000002   Code   RO          129    .text.sensor_fcallBack_laser  main.o
    0x08002f02   0x08002f02   0x00000002   PAD
    0x08002f04   0x08002f04   0x00000002   Code   RO          127    .text.sensor_fcallBack_open1  main.o
    0x08002f06   0x08002f06   0x00000002   PAD
    0x08002f08   0x08002f08   0x00000002   Code   RO          133    .text.sensor_fcallBack_open2  main.o
    0x08002f0a   0x08002f0a   0x00000002   PAD
    0x08002f0c   0x08002f0c   0x0000003a   Code   RO          135    .text.sensor_hcallBack_close1  main.o
    0x08002f46   0x08002f46   0x00000002   PAD
    0x08002f48   0x08002f48   0x00000002   Code   RO          141    .text.sensor_hcallBack_close2  main.o
    0x08002f4a   0x08002f4a   0x00000002   PAD
    0x08002f4c   0x08002f4c   0x00000002   Code   RO          139    .text.sensor_hcallBack_laser  main.o
    0x08002f4e   0x08002f4e   0x00000002   PAD
    0x08002f50   0x08002f50   0x00000002   Code   RO          137    .text.sensor_hcallBack_open1  main.o
    0x08002f52   0x08002f52   0x00000002   PAD
    0x08002f54   0x08002f54   0x0000003c   Code   RO          143    .text.sensor_hcallBack_open2  main.o
    0x08002f90   0x08002f90   0x00000020   Code   RO           25    .text.startCapture  hc165.o
    0x08002fb0   0x08002fb0   0x0000005a   Code   RO           87    .text.start_motor_lowSpeed  motor.o
    0x0800300a   0x0800300a   0x00000002   PAD
    0x0800300c   0x0800300c   0x00000098   Code   RO           51    .text.trapezoidal_func_hold  trapezoidal.o
    0x080030a4   0x080030a4   0x0000002c   Code   RO           47    .text.trapezoidal_func_idle  trapezoidal.o
    0x080030d0   0x080030d0   0x00000020   Code   RO           43    .text.trapezoidal_func_init  trapezoidal.o
    0x080030f0   0x080030f0   0x000000bc   Code   RO           53    .text.trapezoidal_func_rampDown  trapezoidal.o
    0x080031ac   0x080031ac   0x000000ec   Code   RO           49    .text.trapezoidal_func_rampUp  trapezoidal.o
    0x08003298   0x08003298   0x0000001c   Code   RO           45    .text.trapezoidal_stateMachine  trapezoidal.o
    0x080032b4   0x080032b4   0x00000038   Code   RO           31    .text.trigClock     hc165.o
    0x080032ec   0x080032ec   0x0000000a   Code   RO         1126    i.__mathlib_flt_divzero  m_ws.l(funder.o)
    0x080032f6   0x080032f6   0x00000006   Code   RO         1127    i.__mathlib_flt_infnan  m_ws.l(funder.o)
    0x080032fc   0x080032fc   0x00000008   Code   RO         1129    i.__mathlib_flt_invalid  m_ws.l(funder.o)
    0x08003304   0x08003304   0x00000190   Code   RO         1102    i.logf              m_ws.l(logf.o)
    0x08003494   0x08003494   0x0000005e   Code   RO         1065    x$fpl$dfix          fz_ws.l(dfix.o)
    0x080034f2   0x080034f2   0x00000026   Code   RO         1069    x$fpl$dfltu         fz_ws.l(dflt_clz.o)
    0x08003518   0x08003518   0x00000154   Code   RO         1075    x$fpl$dmul          fz_ws.l(dmul.o)
    0x0800366c   0x0800366c   0x0000009c   Code   RO         1109    x$fpl$dnaninf       fz_ws.l(dnaninf.o)
    0x08003708   0x08003708   0x0000000c   Code   RO         1111    x$fpl$dretinf       fz_ws.l(dretinf.o)
    0x08003714   0x08003714   0x000000c4   Code   RO         1077    x$fpl$fadd          fz_ws.l(faddsub_clz.o)
    0x080037d8   0x080037d8   0x0000000c   Code   RO         1160    x$fpl$fcheck1       fz_ws.l(fcheck1.o)
    0x080037e4   0x080037e4   0x00000054   Code   RO         1083    x$fpl$fcmp          fz_ws.l(fcmp.o)
    0x08003838   0x08003838   0x00000018   Code   RO         1162    x$fpl$fcmpinf       fz_ws.l(fcmpi.o)
    0x08003850   0x08003850   0x00000184   Code   RO         1086    x$fpl$fdiv          fz_ws.l(fdiv.o)
    0x080039d4   0x080039d4   0x00000068   Code   RO         1113    x$fpl$feqf          fz_ws.l(feqf.o)
    0x08003a3c   0x08003a3c   0x00000036   Code   RO         1089    x$fpl$ffix          fz_ws.l(ffix.o)
    0x08003a72   0x08003a72   0x00000002   PAD
    0x08003a74   0x08003a74   0x00000030   Code   RO         1094    x$fpl$fflt          fz_ws.l(fflt_clz.o)
    0x08003aa4   0x08003aa4   0x00000026   Code   RO         1093    x$fpl$ffltu         fz_ws.l(fflt_clz.o)
    0x08003aca   0x08003aca   0x00000002   PAD
    0x08003acc   0x08003acc   0x00000068   Code   RO         1115    x$fpl$fgeqf         fz_ws.l(fgeqf.o)
    0x08003b34   0x08003b34   0x00000068   Code   RO         1117    x$fpl$fleqf         fz_ws.l(fleqf.o)
    0x08003b9c   0x08003b9c   0x00000102   Code   RO         1099    x$fpl$fmul          fz_ws.l(fmul.o)
    0x08003c9e   0x08003c9e   0x0000008c   Code   RO         1119    x$fpl$fnaninf       fz_ws.l(fnaninf.o)
    0x08003d2a   0x08003d2a   0x0000000a   Code   RO         1121    x$fpl$fretinf       fz_ws.l(fretinf.o)
    0x08003d34   0x08003d34   0x000000ea   Code   RO         1079    x$fpl$fsub          fz_ws.l(faddsub_clz.o)
    0x08003e1e   0x08003e1e   0x00000064   Code   RO         1177    x$fpl$retnan        fz_ws.l(retnan.o)
    0x08003e82   0x08003e82   0x0000004c   Code   RO         1123    x$fpl$scalbnf       fz_ws.l(scalbnf.o)
    0x08003ece   0x08003ece   0x00000030   Code   RO         1228    x$fpl$trapveneer    fz_ws.l(trapv.o)
    0x08003efe   0x08003efe   0x00000000   Code   RO         1125    x$fpl$usenofp       fz_ws.l(usenofp.o)
    0x08003efe   0x08003efe   0x00000002   PAD
    0x08003f00   0x08003f00   0x00000040   Data   RO         1103    .constdata          m_ws.l(logf.o)
    0x08003f40   0x08003f40   0x00000010   Data   RO         1048    .rodata.AHBPrescTable  system_stm32f1xx.o
    0x08003f50   0x08003f50   0x00000002   Data   RO          480    .rodata.HAL_RCC_GetSysClockFreq.aPredivFactorTable  stm32f1xx_hal_rcc.o
    0x08003f52   0x08003f52   0x00000010   Data   RO          479    .rodata.cst16       stm32f1xx_hal_rcc.o
    0x08003f62   0x08003f62   0x00000002   PAD
    0x08003f64   0x08003f64   0x00000020   Data   RO         1314    Region$$Table       anon$$obj.o


    Execution Region RW_IRAM1 (Exec base: 0x20000000, Load base: 0x08003f88, Size: 0x00000930, Max: 0x00005000, ABSOLUTE)

    Exec Addr    Load Addr    Size         Type   Attr      Idx    E Section Name        Object

    0x20000000   0x08003f88   0x00000004   Data   RW         1047    .data.SystemCoreClock  system_stm32f1xx.o
    0x20000004   0x08003f8c   0x00000001   Data   RW           33    .data.hc165_out     hc165.o
    0x20000005   0x08003f8d   0x00000001   Data   RW          441    .data.uwTickFreq    stm32f1xx_hal.o
    0x20000006   0x08003f8e   0x00000002   PAD
    0x20000008   0x08003f90   0x00000004   Data   RW          440    .data.uwTickPrio    stm32f1xx_hal.o
    0x2000000c   0x08003f94   0x00000004   PAD
    0x20000010        -       0x00000060   Zero   RW         1165    .bss                c_w.l(libspace.o)
    0x20000070        -       0x000000c8   Zero   RW          168    .bss.dma_buf        main.o
    0x20000138        -       0x00000001   Zero   RW          166    .bss.flags          main.o
    0x20000139   0x08003f94   0x00000003   PAD
    0x2000013c        -       0x00000030   Zero   RW          195    .bss.hadc1          adc.o
    0x2000016c        -       0x00000001   Zero   RW           34    .bss.hc165State     hc165.o
    0x2000016d        -       0x00000001   Zero   RW           35    .bss.hc165_bitCount  hc165.o
    0x2000016e   0x08003f94   0x00000002   PAD
    0x20000170        -       0x00000044   Zero   RW          196    .bss.hdma_adc1      adc.o
    0x200001b4        -       0x00000048   Zero   RW          228    .bss.htim1          tim.o
    0x200001fc        -       0x00000048   Zero   RW          229    .bss.htim2          tim.o
    0x20000244        -       0x00000048   Zero   RW          230    .bss.htim3          tim.o
    0x2000028c        -       0x00000048   Zero   RW          231    .bss.htim4          tim.o
    0x200002d4        -       0x00000001   Zero   RW          165    .bss.key_timer      main.o
    0x200002d5   0x08003f94   0x00000003   PAD
    0x200002d8        -       0x0000003c   Zero   RW          167    .bss.motor1         main.o
    0x20000314        -       0x00000014   Zero   RW          170    .bss.sum_buf        main.o
    0x20000328        -       0x00000004   Zero   RW          442    .bss.uwTick         stm32f1xx_hal.o
    0x2000032c   0x08003f94   0x00000004   PAD
    0x20000330        -       0x00000200   Zero   RW            2    HEAP                startup_stm32f103xb.o
    0x20000530        -       0x00000400   Zero   RW            1    STACK               startup_stm32f103xb.o


==============================================================================

Image component sizes


      Code (inc. data)   RO Data    RW Data    ZI Data      Debug   Object Name

       380          0          0          0        116       4239   adc.o
        52          0          0          0          0       2186   dma.o
       308          0          0          0          0       1678   gpio.o
       302         20          0          1          2       2818   hc165.o
      1414         24          0          0        282      16369   main.o
       404          0          0          0          0       8510   motor.o
       696          0          0          0          0       3833   ntc.o
        64         26        236          0       1536        812   startup_stm32f103xb.o
       196          0          0          5          4       5754   stm32f1xx_hal.o
      1186          0          0          0          0      12767   stm32f1xx_hal_adc.o
       194          0          0          0          0       8498   stm32f1xx_hal_cortex.o
       656          0          0          0          0       7565   stm32f1xx_hal_dma.o
       548         20          0          0          0       4634   stm32f1xx_hal_gpio.o
        66          0          0          0          0       1214   stm32f1xx_hal_msp.o
      1258          0         18          0          0       7614   stm32f1xx_hal_rcc.o
       262          0          0          0          0       3586   stm32f1xx_hal_rcc_ex.o
      2182          4          0          0          0      55135   stm32f1xx_hal_tim.o
       198          0          0          0          0      20996   stm32f1xx_hal_tim_ex.o
        56          0          0          0          0       4505   stm32f1xx_it.o
         2          0         16          4          0       1640   system_stm32f1xx.o
      1192          0          0          0        288       8474   tim.o
       680         16          0          0          0       5899   trapezoidal.o

    ----------------------------------------------------------------------
     12412        110        304         12       2244     188726   Object Totals
         0          0         32          0          0          0   (incl. Generated)
       116          0          2          2         16          0   (incl. Padding)

    ----------------------------------------------------------------------

      Code (inc. data)   RO Data    RW Data    ZI Data      Debug   Library Member Name

         8          0          0          0          0         68   __main.o
         0          0          0          0          0          0   __rtentry.o
        12          0          0          0          0          0   __rtentry2.o
         6          0          0          0          0          0   __rtentry4.o
        52          8          0          0          0          0   __scatter.o
        26          0          0          0          0          0   __scatter_copy.o
        28          0          0          0          0          0   __scatter_zi.o
        22          0          0          0          0        100   _rserrno.o
        18          0          0          0          0         80   exit.o
         6          0          0          0          0        152   heapauxi.o
         0          0          0          0          0          0   indicate_semi.o
         2          0          0          0          0          0   libinit.o
         2          0          0          0          0          0   libinit2.o
         2          0          0          0          0          0   libshutdown.o
         2          0          0          0          0          0   libshutdown2.o
         8          4          0          0         96         68   libspace.o
         8          4          0          0          0         68   rt_errno_addr_intlibspace.o
        78          0          0          0          0         80   rt_memclr_w.o
         2          0          0          0          0          0   rtexit.o
        10          0          0          0          0          0   rtexit2.o
        12          4          0          0          0         68   sys_exit.o
        74          0          0          0          0         80   sys_stackheap_outer.o
         2          0          0          0          0         68   use_no_semi.o
        94          4          0          0          0         92   dfix.o
        38          0          0          0          0         68   dflt_clz.o
       340         12          0          0          0        104   dmul.o
       156          4          0          0          0         92   dnaninf.o
        12          0          0          0          0         68   dretinf.o
       430          8          0          0          0        168   faddsub_clz.o
        12          4          0          0          0         68   fcheck1.o
        84          0          0          0          0        196   fcmp.o
        24          0          0          0          0         68   fcmpi.o
       388         76          0          0          0         96   fdiv.o
       104          4          0          0          0         84   feqf.o
        54          4          0          0          0         84   ffix.o
        86          0          0          0          0        136   fflt_clz.o
       104          4          0          0          0         84   fgeqf.o
       104          4          0          0          0         84   fleqf.o
       258          4          0          0          0         84   fmul.o
       140          4          0          0          0         84   fnaninf.o
        10          0          0          0          0         68   fretinf.o
       100          0          0          0          0         68   retnan.o
        76          0          0          0          0         68   scalbnf.o
        48          0          0          0          0         68   trapv.o
         0          0          0          0          0          0   usenofp.o
        24          0          0          0          0        204   funder.o
       400         38         64          0          0        132   logf.o

    ----------------------------------------------------------------------
      3480        190         64          0         96       3100   Library Totals
        14          0          0          0          0          0   (incl. Padding)

    ----------------------------------------------------------------------

      Code (inc. data)   RO Data    RW Data    ZI Data      Debug   Library Name

       380         20          0          0         96        832   c_w.l
      2662        132          0          0          0       1932   fz_ws.l
       424         38         64          0          0        336   m_ws.l

    ----------------------------------------------------------------------
      3480        190         64          0         96       3100   Library Totals

    ----------------------------------------------------------------------

==============================================================================


      Code (inc. data)   RO Data    RW Data    ZI Data      Debug   

     15892        300        368         12       2340     189758   Grand Totals
     15892        300        368         12       2340     189758   ELF Image Totals
     15892        300        368         12          0          0   ROM Totals

==============================================================================

    Total RO  Size (Code + RO Data)                16260 (  15.88kB)
    Total RW  Size (RW Data + ZI Data)              2352 (   2.30kB)
    Total ROM Size (Code + RO Data + RW Data)      16272 (  15.89kB)

==============================================================================

